  Dalamud.NET.Sdk: root at C:\Users\27033\AppData\Roaming\XIVLauncher\addon\Hooks\dev\
E:\Program Files (x86)\claude code\InventoryTools\InventoryTools\InventoryTools.csproj : warning NU1900: 获取包漏洞数据时出错: 无法加载源 https://nuget.cdn.azure.cn/v3/index.json 的服务索引。
  Dalamud.NET.Sdk: root at C:\Users\27033\AppData\Roaming\XIVLauncher\addon\Hooks\dev\
E:\Program Files (x86)\claude code\InventoryTools\OtterGui\OtterGui.csproj : warning NU1900: 获取包漏洞数据时出错: 无法加载源 https://nuget.cdn.azure.cn/v3/index.json 的服务索引。
  Dalamud.NET.Sdk: root at C:\Users\27033\AppData\Roaming\XIVLauncher\addon\Hooks\dev\
E:\Program Files (x86)\claude code\InventoryTools\CriticalCommonLib\CriticalCommonLib.csproj : warning NU1900: 获取包漏洞数据时出错: 无法加载源 https://nuget.cdn.azure.cn/v3/index.json 的服务索引。
  OtterGui -> E:\Program Files (x86)\claude code\InventoryTools\OtterGui\bin\Debug\OtterGui.dll
  CriticalCommonLib -> E:\Program Files (x86)\claude code\InventoryTools\CriticalCommonLib\bin\Debug\net10.0-windows\CriticalCommonLib.dll
E:\Program Files (x86)\claude code\InventoryTools\InventoryTools\Converters\ColumnConverter.cs(16,28): warning CS8765: 参数“existingValue”类型的为 Null 性与重写成员不匹配(可能是由于为 Null 性特性)。 [E:\Program Files (x86)\claude code\InventoryTools\InventoryTools\InventoryTools.csproj]
E:\Program Files (x86)\claude code\InventoryTools\InventoryTools\Converters\EnumDictionaryConverter.cs(11,26): warning CS8765: 参数“value”类型的为 Null 性与重写成员不匹配(可能是由于为 Null 性特性)。 [E:\Program Files (x86)\claude code\InventoryTools\InventoryTools\InventoryTools.csproj]
E:\Program Files (x86)\claude code\InventoryTools\InventoryTools\Converters\EnumDictionaryConverter.cs(29,46): warning CS8765: 参数“existingValue”类型的为 Null 性与重写成员不匹配(可能是由于为 Null 性特性)。 [E:\Program Files (x86)\claude code\InventoryTools\InventoryTools\InventoryTools.csproj]
E:\Program Files (x86)\claude code\InventoryTools\InventoryTools\Converters\TypeDictionaryConverter.cs(11,26): warning CS8765: 参数“value”类型的为 Null 性与重写成员不匹配(可能是由于为 Null 性特性)。 [E:\Program Files (x86)\claude code\InventoryTools\InventoryTools\InventoryTools.csproj]
E:\Program Files (x86)\claude code\InventoryTools\InventoryTools\Converters\TypeDictionaryConverter.cs(26,64): warning CS8765: 参数“existingValue”类型的为 Null 性与重写成员不匹配(可能是由于为 Null 性特性)。 [E:\Program Files (x86)\claude code\InventoryTools\InventoryTools\InventoryTools.csproj]
E:\Program Files (x86)\claude code\InventoryTools\InventoryTools\Compendium\Columns\GenericIconTableColumn.cs(56,9): warning CS9266: 属性 'GenericIconTableColumn<TData>.IconSize' 的 'get' 访问器应使用“field”，因为其他访问器正在使用它。 [E:\Program Files (x86)\claude code\InventoryTools\InventoryTools\InventoryTools.csproj]
E:\Program Files (x86)\claude code\InventoryTools\InventoryTools\Compendium\Columns\GenericItemsTableColumn.cs(29,65): warning CS8714: 类型“TData”不能用作泛型类型或方法“CompendiumDataCacher<TKey, TValue>”中的类型参数“TKey”。类型参数“TData”的为 Null 性与 "notnull" 约束不匹配。 [E:\Program Files (x86)\claude code\InventoryTools\InventoryTools\InventoryTools.csproj]
E:\Program Files (x86)\claude code\InventoryTools\InventoryTools\Ui\Windows\AirshipWindow.cs(23,87): error CS0246: 未能找到类型或命名空间名“ImGuiService”(是否缺少 using 指令或程序集引用?) [E:\Program Files (x86)\claude code\InventoryTools\InventoryTools\InventoryTools.csproj]
E:\Program Files (x86)\claude code\InventoryTools\InventoryTools\Ui\Windows\AirshipsWindow.cs(26,85): error CS0246: 未能找到类型或命名空间名“ImGuiService”(是否缺少 using 指令或程序集引用?) [E:\Program Files (x86)\claude code\InventoryTools\InventoryTools\InventoryTools.csproj]
E:\Program Files (x86)\claude code\InventoryTools\InventoryTools\EquipmentSuggest\EquipmentSuggestModeSetting.cs(18,116): error CS0246: 未能找到类型或命名空间名“ImGuiService”(是否缺少 using 指令或程序集引用?) [E:\Program Files (x86)\claude code\InventoryTools\InventoryTools\InventoryTools.csproj]
E:\Program Files (x86)\claude code\InventoryTools\InventoryTools\Ui\Windows\ConfigurationWizard.cs(17,22): error CS0246: 未能找到类型或命名空间名“ConfigurationWizardService”(是否缺少 using 指令或程序集引用?) [E:\Program Files (x86)\claude code\InventoryTools\InventoryTools\InventoryTools.csproj]
E:\Program Files (x86)\claude code\InventoryTools\InventoryTools\Ui\Windows\ConfigurationWizard.cs(19,95): error CS0246: 未能找到类型或命名空间名“ImGuiService”(是否缺少 using 指令或程序集引用?) [E:\Program Files (x86)\claude code\InventoryTools\InventoryTools\InventoryTools.csproj]
E:\Program Files (x86)\claude code\InventoryTools\InventoryTools\Ui\Windows\ConfigurationWizard.cs(19,165): error CS0246: 未能找到类型或命名空间名“ConfigurationWizardService”(是否缺少 using 指令或程序集引用?) [E:\Program Files (x86)\claude code\InventoryTools\InventoryTools\InventoryTools.csproj]
E:\Program Files (x86)\claude code\InventoryTools\InventoryTools\Compendium\Columns\GenericItemTableColumn.cs(70,9): warning CS9266: 属性 'GenericItemTableColumn<TData>.IconSize' 的 'get' 访问器应使用“field”，因为其他访问器正在使用它。 [E:\Program Files (x86)\claude code\InventoryTools\InventoryTools\InventoryTools.csproj]
E:\Program Files (x86)\claude code\InventoryTools\InventoryTools\Ui\Windows\BNpcsWindow.cs(35,9): error CS0246: 未能找到类型或命名空间名“ImGuiService”(是否缺少 using 指令或程序集引用?) [E:\Program Files (x86)\claude code\InventoryTools\InventoryTools\InventoryTools.csproj]
E:\Program Files (x86)\claude code\InventoryTools\InventoryTools\Ui\Windows\ENpcsWindow.cs(28,9): error CS0246: 未能找到类型或命名空间名“ImGuiService”(是否缺少 using 指令或程序集引用?) [E:\Program Files (x86)\claude code\InventoryTools\InventoryTools\InventoryTools.csproj]
E:\Program Files (x86)\claude code\InventoryTools\InventoryTools\Ui\Windows\HelpWindow.cs(16,81): error CS0246: 未能找到类型或命名空间名“ImGuiService”(是否缺少 using 指令或程序集引用?) [E:\Program Files (x86)\claude code\InventoryTools\InventoryTools\InventoryTools.csproj]
E:\Program Files (x86)\claude code\InventoryTools\InventoryTools\Compendium\Columns\OpenViewTableColumn.cs(138,9): warning CS9266: 属性 'OpenViewTableColumn<TData>.IconSize' 的 'get' 访问器应使用“field”，因为其他访问器正在使用它。 [E:\Program Files (x86)\claude code\InventoryTools\InventoryTools\InventoryTools.csproj]
E:\Program Files (x86)\claude code\InventoryTools\InventoryTools\Ui\Windows\IntroWindow.cs(14,83): error CS0246: 未能找到类型或命名空间名“ImGuiService”(是否缺少 using 指令或程序集引用?) [E:\Program Files (x86)\claude code\InventoryTools\InventoryTools\InventoryTools.csproj]
E:\Program Files (x86)\claude code\InventoryTools\InventoryTools\EquipmentSuggest\EquipmentSuggestViewModeSetting.cs(18,93): error CS0246: 未能找到类型或命名空间名“ImGuiService”(是否缺少 using 指令或程序集引用?) [E:\Program Files (x86)\claude code\InventoryTools\InventoryTools\InventoryTools.csproj]
E:\Program Files (x86)\claude code\InventoryTools\InventoryTools\Compendium\Interfaces\ICompendiumTable.cs(8,17): warning CS0108: “ICompendiumTable<WindowState, MessageBase>.SetGrouping(ICompendiumGrouping, object)”隐藏继承的成员“ICompendiumTable.SetGrouping(ICompendiumGrouping, object)”。如果是有意隐藏，请使用关键字 new。 [E:\Program Files (x86)\claude code\InventoryTools\InventoryTools\InventoryTools.csproj]
E:\Program Files (x86)\claude code\InventoryTools\InventoryTools\Compendium\Interfaces\ICompendiumTable.cs(9,17): warning CS0108: “ICompendiumTable<WindowState, MessageBase>.ClearGrouping()”隐藏继承的成员“ICompendiumTable.ClearGrouping()”。如果是有意隐藏，请使用关键字 new。 [E:\Program Files (x86)\claude code\InventoryTools\InventoryTools\InventoryTools.csproj]
E:\Program Files (x86)\claude code\InventoryTools\InventoryTools\Ui\Windows\DutiesWindow.cs(21,22): error CS0246: 未能找到类型或命名空间名“ImGuiService”(是否缺少 using 指令或程序集引用?) [E:\Program Files (x86)\claude code\InventoryTools\InventoryTools\InventoryTools.csproj]
E:\Program Files (x86)\claude code\InventoryTools\InventoryTools\Ui\Windows\FiltersWindow.cs(47,26): error CS0246: 未能找到类型或命名空间名“IFilterService”(是否缺少 using 指令或程序集引用?) [E:\Program Files (x86)\claude code\InventoryTools\InventoryTools\InventoryTools.csproj]
E:\Program Files (x86)\claude code\InventoryTools\InventoryTools\Ui\Windows\DutiesWindow.cs(24,81): error CS0246: 未能找到类型或命名空间名“ImGuiService”(是否缺少 using 指令或程序集引用?) [E:\Program Files (x86)\claude code\InventoryTools\InventoryTools\InventoryTools.csproj]
E:\Program Files (x86)\claude code\InventoryTools\InventoryTools\Ui\Windows\FiltersWindow.cs(61,26): error CS0246: 未能找到类型或命名空间名“IClipboardService”(是否缺少 using 指令或程序集引用?) [E:\Program Files (x86)\claude code\InventoryTools\InventoryTools\InventoryTools.csproj]
E:\Program Files (x86)\claude code\InventoryTools\InventoryTools\Ui\Windows\FiltersWindow.cs(62,26): error CS0246: 未能找到类型或命名空间名“PopupService”(是否缺少 using 指令或程序集引用?) [E:\Program Files (x86)\claude code\InventoryTools\InventoryTools\InventoryTools.csproj]
E:\Program Files (x86)\claude code\InventoryTools\InventoryTools\Compendium\Models\CompendiumGrouping.cs(10,49): warning CS8766: “Func<object, string>? CompendiumGrouping<TData>.GroupMapping.get”的返回类型中引用类型的为 Null 性与隐式实现的成员“Func<object, string> ICompendiumGrouping.GroupMapping.get”不匹配(可能是由于为 Null 性特性)。 [E:\Program Files (x86)\claude code\InventoryTools\InventoryTools\InventoryTools.csproj]
E:\Program Files (x86)\claude code\InventoryTools\InventoryTools\Ui\Windows\DutyWindow.cs(33,13): error CS0246: 未能找到类型或命名空间名“ImGuiService”(是否缺少 using 指令或程序集引用?) [E:\Program Files (x86)\claude code\InventoryTools\InventoryTools\InventoryTools.csproj]
E:\Program Files (x86)\claude code\InventoryTools\InventoryTools\Ui\Windows\OverlayWindow.cs(122,28): warning CS0114: “OverlayWindow.Dispose(bool)”隐藏继承的成员“WindowMediatorSubscriberBase.Dispose(bool)”。若要使当前成员重写该实现，请添加关键字 override。否则，添加关键字 new。 [E:\Program Files (x86)\claude code\InventoryTools\InventoryTools\InventoryTools.csproj]
E:\Program Files (x86)\claude code\InventoryTools\InventoryTools\Ui\Windows\RetainerTaskWindow.cs(24,13): error CS0246: 未能找到类型或命名空间名“ImGuiService”(是否缺少 using 指令或程序集引用?) [E:\Program Files (x86)\claude code\InventoryTools\InventoryTools\InventoryTools.csproj]
E:\Program Files (x86)\claude code\InventoryTools\InventoryTools\Ui\Windows\FiltersWindow.cs(96,87): error CS0246: 未能找到类型或命名空间名“ImGuiService”(是否缺少 using 指令或程序集引用?) [E:\Program Files (x86)\claude code\InventoryTools\InventoryTools\InventoryTools.csproj]
E:\Program Files (x86)\claude code\InventoryTools\InventoryTools\Ui\Windows\FiltersWindow.cs(97,82): error CS0246: 未能找到类型或命名空间名“IFilterService”(是否缺少 using 指令或程序集引用?) [E:\Program Files (x86)\claude code\InventoryTools\InventoryTools\InventoryTools.csproj]
E:\Program Files (x86)\claude code\InventoryTools\InventoryTools\Ui\Windows\FiltersWindow.cs(103,13): error CS0246: 未能找到类型或命名空间名“IClipboardService”(是否缺少 using 指令或程序集引用?) [E:\Program Files (x86)\claude code\InventoryTools\InventoryTools\InventoryTools.csproj]
E:\Program Files (x86)\claude code\InventoryTools\InventoryTools\Ui\Windows\FiltersWindow.cs(103,49): error CS0246: 未能找到类型或命名空间名“PopupService”(是否缺少 using 指令或程序集引用?) [E:\Program Files (x86)\claude code\InventoryTools\InventoryTools\InventoryTools.csproj]
E:\Program Files (x86)\claude code\InventoryTools\InventoryTools\Ui\Windows\RetainerTasksWindow.cs(25,95): error CS0246: 未能找到类型或命名空间名“ImGuiService”(是否缺少 using 指令或程序集引用?) [E:\Program Files (x86)\claude code\InventoryTools\InventoryTools\InventoryTools.csproj]
E:\Program Files (x86)\claude code\InventoryTools\InventoryTools\Ui\Windows\SubmarinesWindow.cs(24,22): error CS0246: 未能找到类型或命名空间名“ImGuiService”(是否缺少 using 指令或程序集引用?) [E:\Program Files (x86)\claude code\InventoryTools\InventoryTools\InventoryTools.csproj]
E:\Program Files (x86)\claude code\InventoryTools\InventoryTools\Ui\Windows\SubmarinesWindow.cs(28,89): error CS0246: 未能找到类型或命名空间名“ImGuiService”(是否缺少 using 指令或程序集引用?) [E:\Program Files (x86)\claude code\InventoryTools\InventoryTools\InventoryTools.csproj]
E:\Program Files (x86)\claude code\InventoryTools\InventoryTools\Ui\Windows\SubmarineWindow.cs(25,13): error CS0246: 未能找到类型或命名空间名“ImGuiService”(是否缺少 using 指令或程序集引用?) [E:\Program Files (x86)\claude code\InventoryTools\InventoryTools\InventoryTools.csproj]
E:\Program Files (x86)\claude code\InventoryTools\InventoryTools\Services\ImGuiService.cs(293,36): warning CS0108: “ImGuiService.LoadImage(string)”隐藏继承的成员“ImGuiService.LoadImage(string)”。如果是有意隐藏，请使用关键字 new。 [E:\Program Files (x86)\claude code\InventoryTools\InventoryTools\InventoryTools.csproj]
E:\Program Files (x86)\claude code\InventoryTools\InventoryTools\Services\ImGuiTooltipService.cs(42,9): error CS0246: 未能找到类型或命名空间名“ItemLocalizer”(是否缺少 using 指令或程序集引用?) [E:\Program Files (x86)\claude code\InventoryTools\InventoryTools\InventoryTools.csproj]
E:\Program Files (x86)\claude code\InventoryTools\InventoryTools\Services\PopupService.cs(208,17): warning CS0465: 引入 "Finalize" 方法会妨碍析构函数调用。是否希望声明析构函数? [E:\Program Files (x86)\claude code\InventoryTools\InventoryTools\InventoryTools.csproj]
E:\Program Files (x86)\claude code\InventoryTools\InventoryTools\Services\PopupService.cs(126,17): warning CS0465: 引入 "Finalize" 方法会妨碍析构函数调用。是否希望声明析构函数? [E:\Program Files (x86)\claude code\InventoryTools\InventoryTools\InventoryTools.csproj]
E:\Program Files (x86)\claude code\InventoryTools\InventoryTools\Services\PopupService.cs(268,10): warning CS0465: 引入 "Finalize" 方法会妨碍析构函数调用。是否希望声明析构函数? [E:\Program Files (x86)\claude code\InventoryTools\InventoryTools\InventoryTools.csproj]
E:\Program Files (x86)\claude code\InventoryTools\InventoryTools\Services\PopupService.cs(257,17): warning CS0465: 引入 "Finalize" 方法会妨碍析构函数调用。是否希望声明析构函数? [E:\Program Files (x86)\claude code\InventoryTools\InventoryTools\InventoryTools.csproj]
E:\Program Files (x86)\claude code\InventoryTools\InventoryTools\Logic\Columns\ColumnSettings\ButtonColumnSetting.cs(43,59): warning CS8765: 参数“value”类型的为 Null 性与重写成员不匹配(可能是由于为 Null 性特性)。 [E:\Program Files (x86)\claude code\InventoryTools\InventoryTools\InventoryTools.csproj]
E:\Program Files (x86)\claude code\InventoryTools\InventoryTools\Logic\Filters\Abstract\DecimalFilter.cs(76,49): error CS0246: 未能找到类型或命名空间名“ImGuiService”(是否缺少 using 指令或程序集引用?) [E:\Program Files (x86)\claude code\InventoryTools\InventoryTools\InventoryTools.csproj]
E:\Program Files (x86)\claude code\InventoryTools\InventoryTools\Logic\Filters\Abstract\IntegerFilter.cs(77,49): error CS0246: 未能找到类型或命名空间名“ImGuiService”(是否缺少 using 指令或程序集引用?) [E:\Program Files (x86)\claude code\InventoryTools\InventoryTools\InventoryTools.csproj]
E:\Program Files (x86)\claude code\InventoryTools\InventoryTools\Logic\Settings\Abstract\BooleanSetting.cs(9,47): error CS0246: 未能找到类型或命名空间名“ImGuiService”(是否缺少 using 指令或程序集引用?) [E:\Program Files (x86)\claude code\InventoryTools\InventoryTools\InventoryTools.csproj]
E:\Program Files (x86)\claude code\InventoryTools\InventoryTools\Logic\Settings\Abstract\ChoiceSetting.cs(13,46): error CS0246: 未能找到类型或命名空间名“ImGuiService”(是否缺少 using 指令或程序集引用?) [E:\Program Files (x86)\claude code\InventoryTools\InventoryTools\InventoryTools.csproj]
E:\Program Files (x86)\claude code\InventoryTools\InventoryTools\Logic\Settings\Abstract\ChoiceSetting.cs(16,47): warning CS8714: 类型“T”不能用作泛型类型或方法“Dictionary<TKey, TValue>”中的类型参数“TKey”。类型参数“T”的为 Null 性与 "notnull" 约束不匹配。 [E:\Program Files (x86)\claude code\InventoryTools\InventoryTools\InventoryTools.csproj]
E:\Program Files (x86)\claude code\InventoryTools\InventoryTools\Logic\Settings\Abstract\ColorSetting.cs(10,45): error CS0246: 未能找到类型或命名空间名“ImGuiService”(是否缺少 using 指令或程序集引用?) [E:\Program Files (x86)\claude code\InventoryTools\InventoryTools\InventoryTools.csproj]
E:\Program Files (x86)\claude code\InventoryTools\InventoryTools\Logic\Settings\CompendiumRowHeightSetting.cs(9,83): error CS0246: 未能找到类型或命名空间名“ImGuiService”(是否缺少 using 指令或程序集引用?) [E:\Program Files (x86)\claude code\InventoryTools\InventoryTools\InventoryTools.csproj]
E:\Program Files (x86)\claude code\InventoryTools\InventoryTools\Logic\Settings\Abstract\Generic\GenericBooleanSetting.cs(8,199): error CS0246: 未能找到类型或命名空间名“ImGuiService”(是否缺少 using 指令或程序集引用?) [E:\Program Files (x86)\claude code\InventoryTools\InventoryTools\InventoryTools.csproj]
E:\Program Files (x86)\claude code\InventoryTools\InventoryTools\Logic\Settings\Abstract\GameColorSetting.cs(60,49): error CS0246: 未能找到类型或命名空间名“ImGuiService”(是否缺少 using 指令或程序集引用?) [E:\Program Files (x86)\claude code\InventoryTools\InventoryTools\InventoryTools.csproj]
E:\Program Files (x86)\claude code\InventoryTools\InventoryTools\Logic\Settings\CompendiumWotsitSetting.cs(9,77): error CS0246: 未能找到类型或命名空间名“ImGuiService”(是否缺少 using 指令或程序集引用?) [E:\Program Files (x86)\claude code\InventoryTools\InventoryTools\InventoryTools.csproj]
E:\Program Files (x86)\claude code\InventoryTools\InventoryTools\Logic\Settings\Abstract\HotKeySetting.cs(12,46): error CS0246: 未能找到类型或命名空间名“ImGuiService”(是否缺少 using 指令或程序集引用?) [E:\Program Files (x86)\claude code\InventoryTools\InventoryTools\InventoryTools.csproj]
E:\Program Files (x86)\claude code\InventoryTools\InventoryTools\Logic\Settings\Abstract\IntegerSetting.cs(9,47): error CS0246: 未能找到类型或命名空间名“ImGuiService”(是否缺少 using 指令或程序集引用?) [E:\Program Files (x86)\claude code\InventoryTools\InventoryTools\InventoryTools.csproj]
E:\Program Files (x86)\claude code\InventoryTools\InventoryTools\Logic\Settings\ContextMenuAddToActiveCraftListSetting.cs(8,111): error CS0246: 未能找到类型或命名空间名“ImGuiService”(是否缺少 using 指令或程序集引用?) [E:\Program Files (x86)\claude code\InventoryTools\InventoryTools\InventoryTools.csproj]
E:\Program Files (x86)\claude code\InventoryTools\InventoryTools\Logic\Settings\Abstract\Generic\GenericEnumChoiceSetting.cs(10,241): error CS0246: 未能找到类型或命名空间名“ImGuiService”(是否缺少 using 指令或程序集引用?) [E:\Program Files (x86)\claude code\InventoryTools\InventoryTools\InventoryTools.csproj]
E:\Program Files (x86)\claude code\InventoryTools\InventoryTools\Logic\Settings\ContextMenuAddToCraftListSetting.cs(8,99): error CS0246: 未能找到类型或命名空间名“ImGuiService”(是否缺少 using 指令或程序集引用?) [E:\Program Files (x86)\claude code\InventoryTools\InventoryTools\InventoryTools.csproj]
E:\Program Files (x86)\claude code\InventoryTools\InventoryTools\Logic\Settings\Abstract\MultipleChoiceSetting.cs(16,54): error CS0246: 未能找到类型或命名空间名“ImGuiService”(是否缺少 using 指令或程序集引用?) [E:\Program Files (x86)\claude code\InventoryTools\InventoryTools\InventoryTools.csproj]
E:\Program Files (x86)\claude code\InventoryTools\InventoryTools\Logic\Settings\Abstract\Generic\GenericGameColorSetting.cs(10,202): error CS0246: 未能找到类型或命名空间名“ImGuiService”(是否缺少 using 指令或程序集引用?) [E:\Program Files (x86)\claude code\InventoryTools\InventoryTools\InventoryTools.csproj]
E:\Program Files (x86)\claude code\InventoryTools\InventoryTools\Logic\Settings\ContextMenuAddToCuratedListSetting.cs(10,9): error CS0246: 未能找到类型或命名空间名“ImGuiService”(是否缺少 using 指令或程序集引用?) [E:\Program Files (x86)\claude code\InventoryTools\InventoryTools\InventoryTools.csproj]
E:\Program Files (x86)\claude code\InventoryTools\InventoryTools\Logic\Settings\Abstract\Generic\GenericIntegerSetting.cs(8,198): error CS0246: 未能找到类型或命名空间名“ImGuiService”(是否缺少 using 指令或程序集引用?) [E:\Program Files (x86)\claude code\InventoryTools\InventoryTools\InventoryTools.csproj]
E:\Program Files (x86)\claude code\InventoryTools\InventoryTools\Logic\Settings\ContextMenuAddToFavouritesSetting.cs(10,9): error CS0246: 未能找到类型或命名空间名“ImGuiService”(是否缺少 using 指令或程序集引用?) [E:\Program Files (x86)\claude code\InventoryTools\InventoryTools\InventoryTools.csproj]
E:\Program Files (x86)\claude code\InventoryTools\InventoryTools\Logic\Settings\Abstract\Generic\GenericMultipleEnumChoiceSetting.cs(11,255): error CS0246: 未能找到类型或命名空间名“ImGuiService”(是否缺少 using 指令或程序集引用?) [E:\Program Files (x86)\claude code\InventoryTools\InventoryTools\InventoryTools.csproj]
E:\Program Files (x86)\claude code\InventoryTools\InventoryTools\Logic\Settings\Abstract\MultipleEnumChoiceSetting.cs(10,57): error CS0246: 未能找到类型或命名空间名“ImGuiService”(是否缺少 using 指令或程序集引用?) [E:\Program Files (x86)\claude code\InventoryTools\InventoryTools\InventoryTools.csproj]
E:\Program Files (x86)\claude code\InventoryTools\InventoryTools\Logic\Filters\CraftItemIngredientOverridesFilter.cs(25,22): error CS0246: 未能找到类型或命名空间名“IngredientPreferenceLocalizer”(是否缺少 using 指令或程序集引用?) [E:\Program Files (x86)\claude code\InventoryTools\InventoryTools\InventoryTools.csproj]
E:\Program Files (x86)\claude code\InventoryTools\InventoryTools\Logic\Settings\ContextMenuItemSearchSetting.cs(8,91): error CS0246: 未能找到类型或命名空间名“ImGuiService”(是否缺少 using 指令或程序集引用?) [E:\Program Files (x86)\claude code\InventoryTools\InventoryTools\InventoryTools.csproj]
E:\Program Files (x86)\claude code\InventoryTools\InventoryTools\Logic\ItemRenderers\ItemCollectablesShopSourceRenderer.cs(54,21): warning CS0108: “ItemCollectablesShopSourceRenderer.MapSheet”隐藏继承的成员“ItemInfoRenderer<ItemCollectablesShopSource>.MapSheet”。如果是有意隐藏，请使用关键字 new。 [E:\Program Files (x86)\claude code\InventoryTools\InventoryTools\InventoryTools.csproj]
E:\Program Files (x86)\claude code\InventoryTools\InventoryTools\Logic\Settings\Abstract\StringSetting.cs(9,46): error CS0246: 未能找到类型或命名空间名“ImGuiService”(是否缺少 using 指令或程序集引用?) [E:\Program Files (x86)\claude code\InventoryTools\InventoryTools\InventoryTools.csproj]
E:\Program Files (x86)\claude code\InventoryTools\InventoryTools\Logic\Settings\ContextMenuMoreInformationMonstersSetting.cs(9,117): error CS0246: 未能找到类型或命名空间名“ImGuiService”(是否缺少 using 指令或程序集引用?) [E:\Program Files (x86)\claude code\InventoryTools\InventoryTools\InventoryTools.csproj]
E:\Program Files (x86)\claude code\InventoryTools\InventoryTools\Logic\Filters\CraftItemIngredientOverridesFilter.cs(40,9): error CS0246: 未能找到类型或命名空间名“IngredientPreferenceLocalizer”(是否缺少 using 指令或程序集引用?) [E:\Program Files (x86)\claude code\InventoryTools\InventoryTools\InventoryTools.csproj]
E:\Program Files (x86)\claude code\InventoryTools\InventoryTools\Logic\Settings\AcquisitionTrackerLoginDelaySetting.cs(9,101): error CS0246: 未能找到类型或命名空间名“ImGuiService”(是否缺少 using 指令或程序集引用?) [E:\Program Files (x86)\claude code\InventoryTools\InventoryTools\InventoryTools.csproj]
E:\Program Files (x86)\claude code\InventoryTools\InventoryTools\Logic\Settings\ContextMenuMoreInformationNpcsSetting.cs(9,109): error CS0246: 未能找到类型或命名空间名“ImGuiService”(是否缺少 using 指令或程序集引用?) [E:\Program Files (x86)\claude code\InventoryTools\InventoryTools\InventoryTools.csproj]
E:\Program Files (x86)\claude code\InventoryTools\InventoryTools\Logic\Settings\AcquisitionTrackerPersistStateSetting.cs(9,105): error CS0246: 未能找到类型或命名空间名“ImGuiService”(是否缺少 using 指令或程序集引用?) [E:\Program Files (x86)\claude code\InventoryTools\InventoryTools\InventoryTools.csproj]
E:\Program Files (x86)\claude code\InventoryTools\InventoryTools\Logic\Settings\ContextMenuMoreInformationSetting.cs(31,101): error CS0246: 未能找到类型或命名空间名“ImGuiService”(是否缺少 using 指令或程序集引用?) [E:\Program Files (x86)\claude code\InventoryTools\InventoryTools\InventoryTools.csproj]
E:\Program Files (x86)\claude code\InventoryTools\InventoryTools\Logic\Settings\ContextMenuOpenCraftLogSetting.cs(8,97): error CS0246: 未能找到类型或命名空间名“ImGuiService”(是否缺少 using 指令或程序集引用?) [E:\Program Files (x86)\claude code\InventoryTools\InventoryTools\InventoryTools.csproj]
E:\Program Files (x86)\claude code\InventoryTools\InventoryTools\Logic\Settings\AddTitleMenuButtonSetting.cs(8,81): error CS0246: 未能找到类型或命名空间名“ImGuiService”(是否缺少 using 指令或程序集引用?) [E:\Program Files (x86)\claude code\InventoryTools\InventoryTools\InventoryTools.csproj]
E:\Program Files (x86)\claude code\InventoryTools\InventoryTools\Logic\Settings\ContextMenuOpenFishingLogSetting.cs(8,95): error CS0246: 未能找到类型或命名空间名“ImGuiService”(是否缺少 using 指令或程序集引用?) [E:\Program Files (x86)\claude code\InventoryTools\InventoryTools\InventoryTools.csproj]
E:\Program Files (x86)\claude code\InventoryTools\InventoryTools\Logic\Settings\AllowCrossCharacterSetting.cs(30,87): error CS0246: 未能找到类型或命名空间名“ImGuiService”(是否缺少 using 指令或程序集引用?) [E:\Program Files (x86)\claude code\InventoryTools\InventoryTools\InventoryTools.csproj]
E:\Program Files (x86)\claude code\InventoryTools\InventoryTools\Logic\Settings\ContextMenuOpenGatheringLogSetting.cs(8,99): error CS0246: 未能找到类型或命名空间名“ImGuiService”(是否缺少 using 指令或程序集引用?) [E:\Program Files (x86)\claude code\InventoryTools\InventoryTools\InventoryTools.csproj]
E:\Program Files (x86)\claude code\InventoryTools\InventoryTools\Logic\Settings\EnableTetrisSetting.cs(29,69): error CS0246: 未能找到类型或命名空间名“ImGuiService”(是否缺少 using 指令或程序集引用?) [E:\Program Files (x86)\claude code\InventoryTools\InventoryTools\InventoryTools.csproj]
E:\Program Files (x86)\claude code\InventoryTools\InventoryTools\Logic\Settings\AutomaticallyDownloadPricesSetting.cs(11,103): error CS0246: 未能找到类型或命名空间名“ImGuiService”(是否缺少 using 指令或程序集引用?) [E:\Program Files (x86)\claude code\InventoryTools\InventoryTools\InventoryTools.csproj]
E:\Program Files (x86)\claude code\InventoryTools\InventoryTools\Logic\Settings\CraftOverlayHideSetting.cs(21,77): error CS0246: 未能找到类型或命名空间名“ImGuiService”(是否缺少 using 指令或程序集引用?) [E:\Program Files (x86)\claude code\InventoryTools\InventoryTools\InventoryTools.csproj]
E:\Program Files (x86)\claude code\InventoryTools\InventoryTools\Logic\Settings\CraftOverlayMaxExpandedItemsSetting.cs(10,9): error CS0246: 未能找到类型或命名空间名“ImGuiService”(是否缺少 using 指令或程序集引用?) [E:\Program Files (x86)\claude code\InventoryTools\InventoryTools\InventoryTools.csproj]
E:\Program Files (x86)\claude code\InventoryTools\InventoryTools\Logic\Settings\FiltersWindowLayoutSetting.cs(40,83): error CS0246: 未能找到类型或命名空间名“ImGuiService”(是否缺少 using 指令或程序集引用?) [E:\Program Files (x86)\claude code\InventoryTools\InventoryTools\InventoryTools.csproj]
E:\Program Files (x86)\claude code\InventoryTools\InventoryTools\Logic\Settings\CraftOverlayRememberStateSetting.cs(10,9): error CS0246: 未能找到类型或命名空间名“ImGuiService”(是否缺少 using 指令或程序集引用?) [E:\Program Files (x86)\claude code\InventoryTools\InventoryTools\InventoryTools.csproj]
E:\Program Files (x86)\claude code\InventoryTools\InventoryTools\Logic\Settings\AutoSaveSetting.cs(10,65): error CS0246: 未能找到类型或命名空间名“ImGuiService”(是否缺少 using 指令或程序集引用?) [E:\Program Files (x86)\claude code\InventoryTools\InventoryTools\InventoryTools.csproj]
E:\Program Files (x86)\claude code\InventoryTools\InventoryTools\Logic\Settings\CraftOverlayWindowStateSetting.cs(11,91): error CS0246: 未能找到类型或命名空间名“ImGuiService”(是否缺少 using 指令或程序集引用?) [E:\Program Files (x86)\claude code\InventoryTools\InventoryTools\InventoryTools.csproj]
E:\Program Files (x86)\claude code\InventoryTools\InventoryTools\Logic\Settings\HighlightColourSetting.cs(28,79): error CS0246: 未能找到类型或命名空间名“ImGuiService”(是否缺少 using 指令或程序集引用?) [E:\Program Files (x86)\claude code\InventoryTools\InventoryTools\InventoryTools.csproj]
E:\Program Files (x86)\claude code\InventoryTools\InventoryTools\Logic\Settings\AutoSaveTimeSetting.cs(11,73): error CS0246: 未能找到类型或命名空间名“ImGuiService”(是否缺少 using 指令或程序集引用?) [E:\Program Files (x86)\claude code\InventoryTools\InventoryTools\InventoryTools.csproj]
E:\Program Files (x86)\claude code\InventoryTools\InventoryTools\Logic\Settings\HighlightDestinationColourSetting.cs(27,101): error CS0246: 未能找到类型或命名空间名“ImGuiService”(是否缺少 using 指令或程序集引用?) [E:\Program Files (x86)\claude code\InventoryTools\InventoryTools\InventoryTools.csproj]
E:\Program Files (x86)\claude code\InventoryTools\InventoryTools\Logic\Settings\CraftWindowLayoutSetting.cs(41,79): error CS0246: 未能找到类型或命名空间名“ImGuiService”(是否缺少 using 指令或程序集引用?) [E:\Program Files (x86)\claude code\InventoryTools\InventoryTools\InventoryTools.csproj]
E:\Program Files (x86)\claude code\InventoryTools\InventoryTools\Logic\Settings\HighlightDestinationDuplicatesSetting.cs(29,89): error CS0246: 未能找到类型或命名空间名“ImGuiService”(是否缺少 using 指令或程序集引用?) [E:\Program Files (x86)\claude code\InventoryTools\InventoryTools\InventoryTools.csproj]
E:\Program Files (x86)\claude code\InventoryTools\InventoryTools\Logic\Settings\CraftWindowViewSetting.cs(17,75): error CS0246: 未能找到类型或命名空间名“ImGuiService”(是否缺少 using 指令或程序集引用?) [E:\Program Files (x86)\claude code\InventoryTools\InventoryTools\InventoryTools.csproj]
E:\Program Files (x86)\claude code\InventoryTools\InventoryTools\Logic\Settings\ColourRetainerListSetting.cs(26,85): error CS0246: 未能找到类型或命名空间名“ImGuiService”(是否缺少 using 指令或程序集引用?) [E:\Program Files (x86)\claude code\InventoryTools\InventoryTools\InventoryTools.csproj]
E:\Program Files (x86)\claude code\InventoryTools\InventoryTools\Logic\Settings\HighlightDestinationEmptySetting.cs(29,99): error CS0246: 未能找到类型或命名空间名“ImGuiService”(是否缺少 using 指令或程序集引用?) [E:\Program Files (x86)\claude code\InventoryTools\InventoryTools\InventoryTools.csproj]
E:\Program Files (x86)\claude code\InventoryTools\InventoryTools\Logic\Settings\HotkeyConfigWindowSetting.cs(19,81): error CS0246: 未能找到类型或命名空间名“ImGuiService”(是否缺少 using 指令或程序集引用?) [E:\Program Files (x86)\claude code\InventoryTools\InventoryTools\InventoryTools.csproj]
E:\Program Files (x86)\claude code\InventoryTools\InventoryTools\Logic\Settings\HighlightWhenSetting.cs(36,75): error CS0246: 未能找到类型或命名空间名“ImGuiService”(是否缺少 using 指令或程序集引用?) [E:\Program Files (x86)\claude code\InventoryTools\InventoryTools\InventoryTools.csproj]
E:\Program Files (x86)\claude code\InventoryTools\InventoryTools\Logic\Settings\HotkeyCraftWindowSetting.cs(22,83): error CS0246: 未能找到类型或命名空间名“ImGuiService”(是否缺少 using 指令或程序集引用?) [E:\Program Files (x86)\claude code\InventoryTools\InventoryTools\InventoryTools.csproj]
E:\Program Files (x86)\claude code\InventoryTools\InventoryTools\Logic\Settings\HistoryEnabledSetting.cs(30,73): error CS0246: 未能找到类型或命名空间名“ImGuiService”(是否缺少 using 指令或程序集引用?) [E:\Program Files (x86)\claude code\InventoryTools\InventoryTools\InventoryTools.csproj]
E:\Program Files (x86)\claude code\InventoryTools\InventoryTools\Logic\Settings\HotkeySubmarinesWindowSetting.cs(22,93): error CS0246: 未能找到类型或命名空间名“ImGuiService”(是否缺少 using 指令或程序集引用?) [E:\Program Files (x86)\claude code\InventoryTools\InventoryTools\InventoryTools.csproj]
E:\Program Files (x86)\claude code\InventoryTools\InventoryTools\Logic\Settings\ImGuiTooltipModeSetting.cs(18,9): error CS0246: 未能找到类型或命名空间名“ImGuiService”(是否缺少 using 指令或程序集引用?) [E:\Program Files (x86)\claude code\InventoryTools\InventoryTools\InventoryTools.csproj]
E:\Program Files (x86)\claude code\InventoryTools\InventoryTools\Logic\Settings\HotkeyDutiesWindowSetting.cs(22,85): error CS0246: 未能找到类型或命名空间名“ImGuiService”(是否缺少 using 指令或程序集引用?) [E:\Program Files (x86)\claude code\InventoryTools\InventoryTools\InventoryTools.csproj]
E:\Program Files (x86)\claude code\InventoryTools\InventoryTools\Logic\Settings\HistoryTrackEventsSetting.cs(64,81): error CS0246: 未能找到类型或命名空间名“ImGuiService”(是否缺少 using 指令或程序集引用?) [E:\Program Files (x86)\claude code\InventoryTools\InventoryTools\InventoryTools.csproj]
E:\Program Files (x86)\claude code\InventoryTools\InventoryTools\Logic\Settings\HotkeyListsWindowSetting.cs(23,83): error CS0246: 未能找到类型或命名空间名“ImGuiService”(是否缺少 using 指令或程序集引用?) [E:\Program Files (x86)\claude code\InventoryTools\InventoryTools\InventoryTools.csproj]
E:\Program Files (x86)\claude code\InventoryTools\InventoryTools\Logic\Settings\HotkeyAirshipsWindowSetting.cs(22,87): error CS0246: 未能找到类型或命名空间名“ImGuiService”(是否缺少 using 指令或程序集引用?) [E:\Program Files (x86)\claude code\InventoryTools\InventoryTools\InventoryTools.csproj]
E:\Program Files (x86)\claude code\InventoryTools\InventoryTools\Logic\Settings\HotkeyMobWindowSetting.cs(23,79): error CS0246: 未能找到类型或命名空间名“ImGuiService”(是否缺少 using 指令或程序集引用?) [E:\Program Files (x86)\claude code\InventoryTools\InventoryTools\InventoryTools.csproj]
E:\Program Files (x86)\claude code\InventoryTools\InventoryTools\Logic\Settings\MarketBoardUseActiveWorldSetting.cs(26,95): error CS0246: 未能找到类型或命名空间名“ImGuiService”(是否缺少 using 指令或程序集引用?) [E:\Program Files (x86)\claude code\InventoryTools\InventoryTools\InventoryTools.csproj]
E:\Program Files (x86)\claude code\InventoryTools\InventoryTools\Logic\Settings\InvertDestinationHighlightingSetting.cs(29,107): error CS0246: 未能找到类型或命名空间名“ImGuiService”(是否缺少 using 指令或程序集引用?) [E:\Program Files (x86)\claude code\InventoryTools\InventoryTools\InventoryTools.csproj]
E:\Program Files (x86)\claude code\InventoryTools\InventoryTools\Logic\Settings\HotkeyMoreInfoSetting.cs(32,77): error CS0246: 未能找到类型或命名空间名“ImGuiService”(是否缺少 using 指令或程序集引用?) [E:\Program Files (x86)\claude code\InventoryTools\InventoryTools\InventoryTools.csproj]
E:\Program Files (x86)\claude code\InventoryTools\InventoryTools\Logic\Settings\MarketBoardUseHomeWorldSetting.cs(26,91): error CS0246: 未能找到类型或命名空间名“ImGuiService”(是否缺少 using 指令或程序集引用?) [E:\Program Files (x86)\claude code\InventoryTools\InventoryTools\InventoryTools.csproj]
E:\Program Files (x86)\claude code\InventoryTools\InventoryTools\Logic\Settings\InvertHighlightingSetting.cs(29,85): error CS0246: 未能找到类型或命名空间名“ImGuiService”(是否缺少 using 指令或程序集引用?) [E:\Program Files (x86)\claude code\InventoryTools\InventoryTools\InventoryTools.csproj]
E:\Program Files (x86)\claude code\InventoryTools\InventoryTools\Logic\ItemRenderers\ItemFateShopSourceRenderer.cs(41,21): warning CS0108: “ItemFateShopSourceRenderer.MapSheet”隐藏继承的成员“ItemInfoRenderer<ItemFateShopSource>.MapSheet”。如果是有意隐藏，请使用关键字 new。 [E:\Program Files (x86)\claude code\InventoryTools\InventoryTools\InventoryTools.csproj]
E:\Program Files (x86)\claude code\InventoryTools\InventoryTools\Logic\Settings\HotkeyOpenCraftingLogSetting.cs(10,91): error CS0246: 未能找到类型或命名空间名“ImGuiService”(是否缺少 using 指令或程序集引用?) [E:\Program Files (x86)\claude code\InventoryTools\InventoryTools\InventoryTools.csproj]
E:\Program Files (x86)\claude code\InventoryTools\InventoryTools\Logic\Settings\MarketRefreshTimeHoursSetting.cs(11,93): error CS0246: 未能找到类型或命名空间名“ImGuiService”(是否缺少 using 指令或程序集引用?) [E:\Program Files (x86)\claude code\InventoryTools\InventoryTools\InventoryTools.csproj]
E:\Program Files (x86)\claude code\InventoryTools\InventoryTools\Logic\Settings\InvertTabHighlightingSetting.cs(30,91): error CS0246: 未能找到类型或命名空间名“ImGuiService”(是否缺少 using 指令或程序集引用?) [E:\Program Files (x86)\claude code\InventoryTools\InventoryTools\InventoryTools.csproj]
E:\Program Files (x86)\claude code\InventoryTools\InventoryTools\Logic\Settings\PersistDataSetting.cs(12,104): error CS0246: 未能找到类型或命名空间名“ImGuiService”(是否缺少 using 指令或程序集引用?) [E:\Program Files (x86)\claude code\InventoryTools\InventoryTools\InventoryTools.csproj]
E:\Program Files (x86)\claude code\InventoryTools\InventoryTools\Logic\Settings\HotkeyOpenFishingLogSetting.cs(10,89): error CS0246: 未能找到类型或命名空间名“ImGuiService”(是否缺少 using 指令或程序集引用?) [E:\Program Files (x86)\claude code\InventoryTools\InventoryTools\InventoryTools.csproj]
E:\Program Files (x86)\claude code\InventoryTools\InventoryTools\Logic\Settings\RetainerListColourSetting.cs(31,85): error CS0246: 未能找到类型或命名空间名“ImGuiService”(是否缺少 using 指令或程序集引用?) [E:\Program Files (x86)\claude code\InventoryTools\InventoryTools\InventoryTools.csproj]
E:\Program Files (x86)\claude code\InventoryTools\InventoryTools\Logic\Settings\HotkeyOpenGatheringLogSetting.cs(10,93): error CS0246: 未能找到类型或命名空间名“ImGuiService”(是否缺少 using 指令或程序集引用?) [E:\Program Files (x86)\claude code\InventoryTools\InventoryTools\InventoryTools.csproj]
E:\Program Files (x86)\claude code\InventoryTools\InventoryTools\Logic\Settings\MarketBoardExtraWorldsSetting.cs(14,89): error CS0246: 未能找到类型或命名空间名“ImGuiService”(是否缺少 using 指令或程序集引用?) [E:\Program Files (x86)\claude code\InventoryTools\InventoryTools\InventoryTools.csproj]
E:\Program Files (x86)\claude code\InventoryTools\InventoryTools\Logic\ItemRenderers\ItemFccShopSourceRenderer.cs(54,21): warning CS0108: “ItemFccShopSourceRenderer.MapSheet”隐藏继承的成员“ItemInfoRenderer<ItemFccShopSource>.MapSheet”。如果是有意隐藏，请使用关键字 new。 [E:\Program Files (x86)\claude code\InventoryTools\InventoryTools\InventoryTools.csproj]
E:\Program Files (x86)\claude code\InventoryTools\InventoryTools\Logic\Settings\HotKeyOpenItemLogSetting.cs(10,83): error CS0246: 未能找到类型或命名空间名“ImGuiService”(是否缺少 using 指令或程序集引用?) [E:\Program Files (x86)\claude code\InventoryTools\InventoryTools\InventoryTools.csproj]
E:\Program Files (x86)\claude code\InventoryTools\InventoryTools\Logic\Settings\SaveBackgroundFilterSetting.cs(30,89): error CS0246: 未能找到类型或命名空间名“ImGuiService”(是否缺少 using 指令或程序集引用?) [E:\Program Files (x86)\claude code\InventoryTools\InventoryTools\InventoryTools.csproj]
E:\Program Files (x86)\claude code\InventoryTools\InventoryTools\Logic\Settings\ShopHighlightingDisableItemsSetting.cs(9,101): error CS0246: 未能找到类型或命名空间名“ImGuiService”(是否缺少 using 指令或程序集引用?) [E:\Program Files (x86)\claude code\InventoryTools\InventoryTools\InventoryTools.csproj]
E:\Program Files (x86)\claude code\InventoryTools\InventoryTools\Logic\Settings\MarketBoardSaleCountLimitSetting.cs(10,99): error CS0246: 未能找到类型或命名空间名“ImGuiService”(是否缺少 using 指令或程序集引用?) [E:\Program Files (x86)\claude code\InventoryTools\InventoryTools\InventoryTools.csproj]
E:\Program Files (x86)\claude code\InventoryTools\InventoryTools\Logic\Settings\HotkeyRetainerTasksWindowSetting.cs(22,99): error CS0246: 未能找到类型或命名空间名“ImGuiService”(是否缺少 using 指令或程序集引用?) [E:\Program Files (x86)\claude code\InventoryTools\InventoryTools\InventoryTools.csproj]
E:\Program Files (x86)\claude code\InventoryTools\InventoryTools\Logic\Settings\ShopHighlightingNpcColorSetting.cs(11,93): error CS0246: 未能找到类型或命名空间名“ImGuiService”(是否缺少 using 指令或程序集引用?) [E:\Program Files (x86)\claude code\InventoryTools\InventoryTools\InventoryTools.csproj]
E:\Program Files (x86)\claude code\InventoryTools\InventoryTools\Logic\Settings\TooltipAmountOwnedColorSetting.cs(70,113): error CS0246: 未能找到类型或命名空间名“ImGuiService”(是否缺少 using 指令或程序集引用?) [E:\Program Files (x86)\claude code\InventoryTools\InventoryTools\InventoryTools.csproj]
E:\Program Files (x86)\claude code\InventoryTools\InventoryTools\Logic\Settings\ShopHighlightingNpcNameplateIconSetting.cs(9,109): error CS0246: 未能找到类型或命名空间名“ImGuiService”(是否缺少 using 指令或程序集引用?) [E:\Program Files (x86)\claude code\InventoryTools\InventoryTools\InventoryTools.csproj]
E:\Program Files (x86)\claude code\InventoryTools\InventoryTools\Logic\Settings\TooltipAmountOwnedColorSetting.cs(79,99): error CS0246: 未能找到类型或命名空间名“ImGuiService”(是否缺少 using 指令或程序集引用?) [E:\Program Files (x86)\claude code\InventoryTools\InventoryTools\InventoryTools.csproj]
E:\Program Files (x86)\claude code\InventoryTools\InventoryTools\Logic\Settings\ShopHighlightingNpcSetting.cs(9,83): error CS0246: 未能找到类型或命名空间名“ImGuiService”(是否缺少 using 指令或程序集引用?) [E:\Program Files (x86)\claude code\InventoryTools\InventoryTools\InventoryTools.csproj]
E:\Program Files (x86)\claude code\InventoryTools\InventoryTools\Logic\Settings\SourceIconGroupingSetting.cs(26,131): error CS0246: 未能找到类型或命名空间名“ImGuiService”(是否缺少 using 指令或程序集引用?) [E:\Program Files (x86)\claude code\InventoryTools\InventoryTools\InventoryTools.csproj]
E:\Program Files (x86)\claude code\InventoryTools\InventoryTools\Logic\Settings\TooltipAmountOwnedColorSetting.cs(89,115): error CS0246: 未能找到类型或命名空间名“ImGuiService”(是否缺少 using 指令或程序集引用?) [E:\Program Files (x86)\claude code\InventoryTools\InventoryTools\InventoryTools.csproj]
E:\Program Files (x86)\claude code\InventoryTools\InventoryTools\Logic\Settings\ShowFiltersTabSetting.cs(29,77): error CS0246: 未能找到类型或命名空间名“ImGuiService”(是否缺少 using 指令或程序集引用?) [E:\Program Files (x86)\claude code\InventoryTools\InventoryTools\InventoryTools.csproj]
E:\Program Files (x86)\claude code\InventoryTools\InventoryTools\Logic\Settings\TooltipAmountOwnedColorSetting.cs(98,121): error CS0246: 未能找到类型或命名空间名“ImGuiService”(是否缺少 using 指令或程序集引用?) [E:\Program Files (x86)\claude code\InventoryTools\InventoryTools\InventoryTools.csproj]
E:\Program Files (x86)\claude code\InventoryTools\InventoryTools\Logic\Settings\SwitchCraftListsAutomaticallySetting.cs(28,107): error CS0246: 未能找到类型或命名空间名“ImGuiService”(是否缺少 using 指令或程序集引用?) [E:\Program Files (x86)\claude code\InventoryTools\InventoryTools\InventoryTools.csproj]
E:\Program Files (x86)\claude code\InventoryTools\InventoryTools\Logic\Settings\TooltipAmountOwnedColorSetting.cs(107,89): error CS0246: 未能找到类型或命名空间名“ImGuiService”(是否缺少 using 指令或程序集引用?) [E:\Program Files (x86)\claude code\InventoryTools\InventoryTools\InventoryTools.csproj]
E:\Program Files (x86)\claude code\InventoryTools\InventoryTools\Logic\Settings\ShowItemNumberRetainerListSetting.cs(30,101): error CS0246: 未能找到类型或命名空间名“ImGuiService”(是否缺少 using 指令或程序集引用?) [E:\Program Files (x86)\claude code\InventoryTools\InventoryTools\InventoryTools.csproj]
E:\Program Files (x86)\claude code\InventoryTools\InventoryTools\Logic\Settings\SwitchFiltersAutomaticallySetting.cs(28,101): error CS0246: 未能找到类型或命名空间名“ImGuiService”(是否缺少 using 指令或程序集引用?) [E:\Program Files (x86)\claude code\InventoryTools\InventoryTools\InventoryTools.csproj]
E:\Program Files (x86)\claude code\InventoryTools\InventoryTools\Logic\Settings\TooltipAmountOwnedSortSetting.cs(9,89): error CS0246: 未能找到类型或命名空间名“ImGuiService”(是否缺少 using 指令或程序集引用?) [E:\Program Files (x86)\claude code\InventoryTools\InventoryTools\InventoryTools.csproj]
E:\Program Files (x86)\claude code\InventoryTools\InventoryTools\Logic\Settings\ShowTooltipsSetting.cs(29,73): error CS0246: 未能找到类型或命名空间名“ImGuiService”(是否缺少 using 指令或程序集引用?) [E:\Program Files (x86)\claude code\InventoryTools\InventoryTools\InventoryTools.csproj]
E:\Program Files (x86)\claude code\InventoryTools\InventoryTools\Logic\Settings\TabHighlightColourSetting.cs(29,85): error CS0246: 未能找到类型或命名空间名“ImGuiService”(是否缺少 using 指令或程序集引用?) [E:\Program Files (x86)\claude code\InventoryTools\InventoryTools\InventoryTools.csproj]
E:\Program Files (x86)\claude code\InventoryTools\InventoryTools\Logic\ItemRenderers\ItemGCShopSourceRenderer.cs(53,21): warning CS0108: “ItemGCShopSourceRenderer.MapSheet”隐藏继承的成员“ItemInfoRenderer<ItemGCShopSource>.MapSheet”。如果是有意隐藏，请使用关键字 new。 [E:\Program Files (x86)\claude code\InventoryTools\InventoryTools\InventoryTools.csproj]
E:\Program Files (x86)\claude code\InventoryTools\InventoryTools\Logic\Settings\TooltipAverageMarketPriceSetting.cs(32,99): error CS0246: 未能找到类型或命名空间名“ImGuiService”(是否缺少 using 指令或程序集引用?) [E:\Program Files (x86)\claude code\InventoryTools\InventoryTools\InventoryTools.csproj]
E:\Program Files (x86)\claude code\InventoryTools\InventoryTools\Logic\Settings\TooltipColorSetting.cs(10,73): error CS0246: 未能找到类型或命名空间名“ImGuiService”(是否缺少 using 指令或程序集引用?) [E:\Program Files (x86)\claude code\InventoryTools\InventoryTools\InventoryTools.csproj]
E:\Program Files (x86)\claude code\InventoryTools\InventoryTools\Logic\Settings\TooltipAddCharacterNameSetting.cs(30,95): error CS0246: 未能找到类型或命名空间名“ImGuiService”(是否缺少 using 指令或程序集引用?) [E:\Program Files (x86)\claude code\InventoryTools\InventoryTools\InventoryTools.csproj]
E:\Program Files (x86)\claude code\InventoryTools\InventoryTools\Logic\Settings\TooltipAmountOwnedColorSetting.cs(14,91): error CS0246: 未能找到类型或命名空间名“ImGuiService”(是否缺少 using 指令或程序集引用?) [E:\Program Files (x86)\claude code\InventoryTools\InventoryTools\InventoryTools.csproj]
E:\Program Files (x86)\claude code\InventoryTools\InventoryTools\Logic\Settings\TooltipCurrentCharacterOnly.cs(30,95): error CS0246: 未能找到类型或命名空间名“ImGuiService”(是否缺少 using 指令或程序集引用?) [E:\Program Files (x86)\claude code\InventoryTools\InventoryTools\InventoryTools.csproj]
E:\Program Files (x86)\claude code\InventoryTools\InventoryTools\Logic\Settings\TooltipCategoryBlacklistSetting.cs(26,93): error CS0246: 未能找到类型或命名空间名“ImGuiService”(是否缺少 using 指令或程序集引用?) [E:\Program Files (x86)\claude code\InventoryTools\InventoryTools\InventoryTools.csproj]
E:\Program Files (x86)\claude code\InventoryTools\InventoryTools\Logic\Settings\TooltipAmountOwnedColorSetting.cs(25,95): error CS0246: 未能找到类型或命名空间名“ImGuiService”(是否缺少 using 指令或程序集引用?) [E:\Program Files (x86)\claude code\InventoryTools\InventoryTools\InventoryTools.csproj]
E:\Program Files (x86)\claude code\InventoryTools\InventoryTools\Logic\Settings\TooltipDisplayAmountOwnedSetting.cs(34,99): error CS0246: 未能找到类型或命名空间名“ImGuiService”(是否缺少 using 指令或程序集引用?) [E:\Program Files (x86)\claude code\InventoryTools\InventoryTools\InventoryTools.csproj]
E:\Program Files (x86)\claude code\InventoryTools\InventoryTools\Logic\Settings\TooltipAmountOwnedColorSetting.cs(34,101): error CS0246: 未能找到类型或命名空间名“ImGuiService”(是否缺少 using 指令或程序集引用?) [E:\Program Files (x86)\claude code\InventoryTools\InventoryTools\InventoryTools.csproj]
E:\Program Files (x86)\claude code\InventoryTools\InventoryTools\Logic\Settings\TooltipAmountOwnedColorSetting.cs(43,101): error CS0246: 未能找到类型或命名空间名“ImGuiService”(是否缺少 using 指令或程序集引用?) [E:\Program Files (x86)\claude code\InventoryTools\InventoryTools\InventoryTools.csproj]
E:\Program Files (x86)\claude code\InventoryTools\InventoryTools\Logic\Settings\TooltipCategoryWhitelistSetting.cs(14,93): error CS0246: 未能找到类型或命名空间名“ImGuiService”(是否缺少 using 指令或程序集引用?) [E:\Program Files (x86)\claude code\InventoryTools\InventoryTools\InventoryTools.csproj]
E:\Program Files (x86)\claude code\InventoryTools\InventoryTools\Logic\Settings\TooltipDisplayCofferLootSetting.cs(34,93): error CS0246: 未能找到类型或命名空间名“ImGuiService”(是否缺少 using 指令或程序集引用?) [E:\Program Files (x86)\claude code\InventoryTools\InventoryTools\InventoryTools.csproj]
E:\Program Files (x86)\claude code\InventoryTools\InventoryTools\Logic\Settings\TooltipAmountOwnedColorSetting.cs(52,103): error CS0246: 未能找到类型或命名空间名“ImGuiService”(是否缺少 using 指令或程序集引用?) [E:\Program Files (x86)\claude code\InventoryTools\InventoryTools\InventoryTools.csproj]
E:\Program Files (x86)\claude code\InventoryTools\InventoryTools\Logic\Settings\TooltipAmountOwnedColorSetting.cs(61,97): error CS0246: 未能找到类型或命名空间名“ImGuiService”(是否缺少 using 指令或程序集引用?) [E:\Program Files (x86)\claude code\InventoryTools\InventoryTools\InventoryTools.csproj]
E:\Program Files (x86)\claude code\InventoryTools\InventoryTools\Logic\Settings\TooltipDisplayGlamourReadySetSetting.cs(34,103): error CS0246: 未能找到类型或命名空间名“ImGuiService”(是否缺少 using 指令或程序集引用?) [E:\Program Files (x86)\claude code\InventoryTools\InventoryTools\InventoryTools.csproj]
E:\Program Files (x86)\claude code\InventoryTools\InventoryTools\Logic\Settings\TooltipDisplayUnlockHideUnlockedSetting.cs(9,109): error CS0246: 未能找到类型或命名空间名“ImGuiService”(是否缺少 using 指令或程序集引用?) [E:\Program Files (x86)\claude code\InventoryTools\InventoryTools\InventoryTools.csproj]
E:\Program Files (x86)\claude code\InventoryTools\InventoryTools\Logic\Settings\TooltipDisplayUnlockSetting.cs(8,85): error CS0246: 未能找到类型或命名空间名“ImGuiService”(是否缺少 using 指令或程序集引用?) [E:\Program Files (x86)\claude code\InventoryTools\InventoryTools\InventoryTools.csproj]
E:\Program Files (x86)\claude code\InventoryTools\InventoryTools\Logic\Settings\TooltipDisplayHeaderSetting.cs(29,85): error CS0246: 未能找到类型或命名空间名“ImGuiService”(是否缺少 using 指令或程序集引用?) [E:\Program Files (x86)\claude code\InventoryTools\InventoryTools\InventoryTools.csproj]
E:\Program Files (x86)\claude code\InventoryTools\InventoryTools\Logic\Settings\TooltipCofferLootScopeSetting.cs(15,89): error CS0246: 未能找到类型或命名空间名“ImGuiService”(是否缺少 using 指令或程序集引用?) [E:\Program Files (x86)\claude code\InventoryTools\InventoryTools\InventoryTools.csproj]
E:\Program Files (x86)\claude code\InventoryTools\InventoryTools\Logic\Settings\TooltipDisplayIngredientPatchSetting.cs(9,103): error CS0246: 未能找到类型或命名空间名“ImGuiService”(是否缺少 using 指令或程序集引用?) [E:\Program Files (x86)\claude code\InventoryTools\InventoryTools\InventoryTools.csproj]
E:\Program Files (x86)\claude code\InventoryTools\InventoryTools\Logic\Settings\TooltipFooterLinesSetting.cs(29,81): error CS0246: 未能找到类型或命名空间名“ImGuiService”(是否缺少 using 指令或程序集引用?) [E:\Program Files (x86)\claude code\InventoryTools\InventoryTools\InventoryTools.csproj]
E:\Program Files (x86)\claude code\InventoryTools\InventoryTools\Logic\Settings\TooltipDisplayRetrieveAmountSetting.cs(33,101): error CS0246: 未能找到类型或命名空间名“ImGuiService”(是否缺少 using 指令或程序集引用?) [E:\Program Files (x86)\claude code\InventoryTools\InventoryTools\InventoryTools.csproj]
E:\Program Files (x86)\claude code\InventoryTools\InventoryTools\Logic\Settings\TooltipSourceInformationSetting.cs(35,107): error CS0246: 未能找到类型或命名空间名“ImGuiService”(是否缺少 using 指令或程序集引用?) [E:\Program Files (x86)\claude code\InventoryTools\InventoryTools\InventoryTools.csproj]
E:\Program Files (x86)\claude code\InventoryTools\InventoryTools\Logic\Settings\TooltipSourceInformationSetting.cs(45,109): error CS0246: 未能找到类型或命名空间名“ImGuiService”(是否缺少 using 指令或程序集引用?) [E:\Program Files (x86)\claude code\InventoryTools\InventoryTools\InventoryTools.csproj]
E:\Program Files (x86)\claude code\InventoryTools\InventoryTools\Logic\Settings\TooltipGlamourReadySetDisplayModeSetting.cs(40,111): error CS0246: 未能找到类型或命名空间名“ImGuiService”(是否缺少 using 指令或程序集引用?) [E:\Program Files (x86)\claude code\InventoryTools\InventoryTools\InventoryTools.csproj]
E:\Program Files (x86)\claude code\InventoryTools\InventoryTools\Logic\Settings\TooltipDisplayUnlockCharacterSetting.cs(13,139): error CS0246: 未能找到类型或命名空间名“ImGuiService”(是否缺少 using 指令或程序集引用?) [E:\Program Files (x86)\claude code\InventoryTools\InventoryTools\InventoryTools.csproj]
E:\Program Files (x86)\claude code\InventoryTools\InventoryTools\Logic\Settings\TooltipDisplayUnlockDisplayModeSetting.cs(16,107): error CS0246: 未能找到类型或命名空间名“ImGuiService”(是否缺少 using 指令或程序集引用?) [E:\Program Files (x86)\claude code\InventoryTools\InventoryTools\InventoryTools.csproj]
E:\Program Files (x86)\claude code\InventoryTools\InventoryTools\Logic\Settings\TooltipGlamourReadySetScopeSetting.cs(15,99): error CS0246: 未能找到类型或命名空间名“ImGuiService”(是否缺少 using 指令或程序集引用?) [E:\Program Files (x86)\claude code\InventoryTools\InventoryTools\InventoryTools.csproj]
E:\Program Files (x86)\claude code\InventoryTools\InventoryTools\Logic\Settings\TooltipSourceInformationSetting.cs(62,143): error CS0246: 未能找到类型或命名空间名“ImGuiService”(是否缺少 using 指令或程序集引用?) [E:\Program Files (x86)\claude code\InventoryTools\InventoryTools\InventoryTools.csproj]
E:\Program Files (x86)\claude code\InventoryTools\InventoryTools\Logic\Filters\TableCraftFreezeColumnsFilter.cs(42,87): error CS0246: 未能找到类型或命名空间名“ImGuiService”(是否缺少 using 指令或程序集引用?) [E:\Program Files (x86)\claude code\InventoryTools\InventoryTools\InventoryTools.csproj]
E:\Program Files (x86)\claude code\InventoryTools\InventoryTools\Logic\Settings\TooltipHeaderLinesSetting.cs(29,81): error CS0246: 未能找到类型或命名空间名“ImGuiService”(是否缺少 using 指令或程序集引用?) [E:\Program Files (x86)\claude code\InventoryTools\InventoryTools\InventoryTools.csproj]
E:\Program Files (x86)\claude code\InventoryTools\InventoryTools\Logic\Settings\TooltipUseInformationSetting.cs(20,101): error CS0246: 未能找到类型或命名空间名“ImGuiService”(是否缺少 using 指令或程序集引用?) [E:\Program Files (x86)\claude code\InventoryTools\InventoryTools\InventoryTools.csproj]
E:\Program Files (x86)\claude code\InventoryTools\InventoryTools\Logic\Settings\WindowIgnoreEscapeSetting.cs(18,86): error CS0246: 未能找到类型或命名空间名“ImGuiService”(是否缺少 using 指令或程序集引用?) [E:\Program Files (x86)\claude code\InventoryTools\InventoryTools\InventoryTools.csproj]
E:\Program Files (x86)\claude code\InventoryTools\InventoryTools\Logic\Filters\TableFreezeColumnsFilter.cs(41,77): error CS0246: 未能找到类型或命名空间名“ImGuiService”(是否缺少 using 指令或程序集引用?) [E:\Program Files (x86)\claude code\InventoryTools\InventoryTools\InventoryTools.csproj]
E:\Program Files (x86)\claude code\InventoryTools\InventoryTools\Logic\Settings\WindowIgnoreEscapeSetting.cs(63,124): error CS0246: 未能找到类型或命名空间名“ImGuiService”(是否缺少 using 指令或程序集引用?) [E:\Program Files (x86)\claude code\InventoryTools\InventoryTools\InventoryTools.csproj]
E:\Program Files (x86)\claude code\InventoryTools\InventoryTools\Logic\Settings\TooltipUseInformationSetting.cs(29,103): error CS0246: 未能找到类型或命名空间名“ImGuiService”(是否缺少 using 指令或程序集引用?) [E:\Program Files (x86)\claude code\InventoryTools\InventoryTools\InventoryTools.csproj]
E:\Program Files (x86)\claude code\InventoryTools\InventoryTools\Logic\Settings\WindowIgnoreEscapeSetting.cs(69,128): error CS0246: 未能找到类型或命名空间名“ImGuiService”(是否缺少 using 指令或程序集引用?) [E:\Program Files (x86)\claude code\InventoryTools\InventoryTools\InventoryTools.csproj]
E:\Program Files (x86)\claude code\InventoryTools\InventoryTools\Logic\Settings\WindowIgnoreEscapeSetting.cs(75,122): error CS0246: 未能找到类型或命名空间名“ImGuiService”(是否缺少 using 指令或程序集引用?) [E:\Program Files (x86)\claude code\InventoryTools\InventoryTools\InventoryTools.csproj]
E:\Program Files (x86)\claude code\InventoryTools\InventoryTools\Logic\Filters\TableRowHeightFilter.cs(44,71): error CS0246: 未能找到类型或命名空间名“ImGuiService”(是否缺少 using 指令或程序集引用?) [E:\Program Files (x86)\claude code\InventoryTools\InventoryTools\InventoryTools.csproj]
E:\Program Files (x86)\claude code\InventoryTools\InventoryTools\Logic\Settings\WindowIgnoreEscapeSetting.cs(81,126): error CS0246: 未能找到类型或命名空间名“ImGuiService”(是否缺少 using 指令或程序集引用?) [E:\Program Files (x86)\claude code\InventoryTools\InventoryTools\InventoryTools.csproj]
E:\Program Files (x86)\claude code\InventoryTools\InventoryTools\Logic\Settings\TooltipUseInformationSetting.cs(46,137): error CS0246: 未能找到类型或命名空间名“ImGuiService”(是否缺少 using 指令或程序集引用?) [E:\Program Files (x86)\claude code\InventoryTools\InventoryTools\InventoryTools.csproj]
E:\Program Files (x86)\claude code\InventoryTools\InventoryTools\Logic\ItemRenderers\ItemSupplementSourceRenderer.cs(442,29): warning CS0108: “ItemSupplementSourceRenderer<T>.TextureProvider”隐藏继承的成员“ItemInfoRenderer<T>.TextureProvider”。如果是有意隐藏，请使用关键字 new。 [E:\Program Files (x86)\claude code\InventoryTools\InventoryTools\InventoryTools.csproj]
E:\Program Files (x86)\claude code\InventoryTools\InventoryTools\Logic\Settings\TrackMobSpawnSetting.cs(15,71): error CS0246: 未能找到类型或命名空间名“ImGuiService”(是否缺少 using 指令或程序集引用?) [E:\Program Files (x86)\claude code\InventoryTools\InventoryTools\InventoryTools.csproj]
E:\Program Files (x86)\claude code\InventoryTools\InventoryTools\Logic\Settings\UseIconGroupingSetting.cs(18,125): error CS0246: 未能找到类型或命名空间名“ImGuiService”(是否缺少 using 指令或程序集引用?) [E:\Program Files (x86)\claude code\InventoryTools\InventoryTools\InventoryTools.csproj]
E:\Program Files (x86)\claude code\InventoryTools\InventoryTools\Logic\Settings\TooltipLocationDisplayModeSetting.cs(54,97): error CS0246: 未能找到类型或命名空间名“ImGuiService”(是否缺少 using 指令或程序集引用?) [E:\Program Files (x86)\claude code\InventoryTools\InventoryTools\InventoryTools.csproj]
E:\Program Files (x86)\claude code\InventoryTools\InventoryTools\Logic\Settings\UseOldCraftTrackerSetting.cs(9,81): error CS0246: 未能找到类型或命名空间名“ImGuiService”(是否缺少 using 指令或程序集引用?) [E:\Program Files (x86)\claude code\InventoryTools\InventoryTools\InventoryTools.csproj]
E:\Program Files (x86)\claude code\InventoryTools\InventoryTools\Logic\Settings\ToolTipLocationLimitSetting.cs(26,85): error CS0246: 未能找到类型或命名空间名“ImGuiService”(是否缺少 using 指令或程序集引用?) [E:\Program Files (x86)\claude code\InventoryTools\InventoryTools\InventoryTools.csproj]
E:\Program Files (x86)\claude code\InventoryTools\InventoryTools\Logic\Settings\TooltipLocationScopeLimitSetting.cs(16,95): error CS0246: 未能找到类型或命名空间名“ImGuiService”(是否缺少 using 指令或程序集引用?) [E:\Program Files (x86)\claude code\InventoryTools\InventoryTools\InventoryTools.csproj]
E:\Program Files (x86)\claude code\InventoryTools\InventoryTools\Logic\Settings\TooltipMinimumMarketPriceSetting.cs(34,99): error CS0246: 未能找到类型或命名空间名“ImGuiService”(是否缺少 using 指令或程序集引用?) [E:\Program Files (x86)\claude code\InventoryTools\InventoryTools\InventoryTools.csproj]

生成失败。

E:\Program Files (x86)\claude code\InventoryTools\InventoryTools\InventoryTools.csproj : warning NU1900: 获取包漏洞数据时出错: 无法加载源 https://nuget.cdn.azure.cn/v3/index.json 的服务索引。
E:\Program Files (x86)\claude code\InventoryTools\OtterGui\OtterGui.csproj : warning NU1900: 获取包漏洞数据时出错: 无法加载源 https://nuget.cdn.azure.cn/v3/index.json 的服务索引。
E:\Program Files (x86)\claude code\InventoryTools\CriticalCommonLib\CriticalCommonLib.csproj : warning NU1900: 获取包漏洞数据时出错: 无法加载源 https://nuget.cdn.azure.cn/v3/index.json 的服务索引。
E:\Program Files (x86)\claude code\InventoryTools\InventoryTools\Converters\ColumnConverter.cs(16,28): warning CS8765: 参数“existingValue”类型的为 Null 性与重写成员不匹配(可能是由于为 Null 性特性)。 [E:\Program Files (x86)\claude code\InventoryTools\InventoryTools\InventoryTools.csproj]
E:\Program Files (x86)\claude code\InventoryTools\InventoryTools\Converters\EnumDictionaryConverter.cs(11,26): warning CS8765: 参数“value”类型的为 Null 性与重写成员不匹配(可能是由于为 Null 性特性)。 [E:\Program Files (x86)\claude code\InventoryTools\InventoryTools\InventoryTools.csproj]
E:\Program Files (x86)\claude code\InventoryTools\InventoryTools\Converters\EnumDictionaryConverter.cs(29,46): warning CS8765: 参数“existingValue”类型的为 Null 性与重写成员不匹配(可能是由于为 Null 性特性)。 [E:\Program Files (x86)\claude code\InventoryTools\InventoryTools\InventoryTools.csproj]
E:\Program Files (x86)\claude code\InventoryTools\InventoryTools\Converters\TypeDictionaryConverter.cs(11,26): warning CS8765: 参数“value”类型的为 Null 性与重写成员不匹配(可能是由于为 Null 性特性)。 [E:\Program Files (x86)\claude code\InventoryTools\InventoryTools\InventoryTools.csproj]
E:\Program Files (x86)\claude code\InventoryTools\InventoryTools\Converters\TypeDictionaryConverter.cs(26,64): warning CS8765: 参数“existingValue”类型的为 Null 性与重写成员不匹配(可能是由于为 Null 性特性)。 [E:\Program Files (x86)\claude code\InventoryTools\InventoryTools\InventoryTools.csproj]
E:\Program Files (x86)\claude code\InventoryTools\InventoryTools\Compendium\Columns\GenericIconTableColumn.cs(56,9): warning CS9266: 属性 'GenericIconTableColumn<TData>.IconSize' 的 'get' 访问器应使用“field”，因为其他访问器正在使用它。 [E:\Program Files (x86)\claude code\InventoryTools\InventoryTools\InventoryTools.csproj]
E:\Program Files (x86)\claude code\InventoryTools\InventoryTools\Compendium\Columns\GenericItemsTableColumn.cs(29,65): warning CS8714: 类型“TData”不能用作泛型类型或方法“CompendiumDataCacher<TKey, TValue>”中的类型参数“TKey”。类型参数“TData”的为 Null 性与 "notnull" 约束不匹配。 [E:\Program Files (x86)\claude code\InventoryTools\InventoryTools\InventoryTools.csproj]
E:\Program Files (x86)\claude code\InventoryTools\InventoryTools\Compendium\Columns\GenericItemTableColumn.cs(70,9): warning CS9266: 属性 'GenericItemTableColumn<TData>.IconSize' 的 'get' 访问器应使用“field”，因为其他访问器正在使用它。 [E:\Program Files (x86)\claude code\InventoryTools\InventoryTools\InventoryTools.csproj]
E:\Program Files (x86)\claude code\InventoryTools\InventoryTools\Compendium\Columns\OpenViewTableColumn.cs(138,9): warning CS9266: 属性 'OpenViewTableColumn<TData>.IconSize' 的 'get' 访问器应使用“field”，因为其他访问器正在使用它。 [E:\Program Files (x86)\claude code\InventoryTools\InventoryTools\InventoryTools.csproj]
E:\Program Files (x86)\claude code\InventoryTools\InventoryTools\Compendium\Interfaces\ICompendiumTable.cs(8,17): warning CS0108: “ICompendiumTable<WindowState, MessageBase>.SetGrouping(ICompendiumGrouping, object)”隐藏继承的成员“ICompendiumTable.SetGrouping(ICompendiumGrouping, object)”。如果是有意隐藏，请使用关键字 new。 [E:\Program Files (x86)\claude code\InventoryTools\InventoryTools\InventoryTools.csproj]
E:\Program Files (x86)\claude code\InventoryTools\InventoryTools\Compendium\Interfaces\ICompendiumTable.cs(9,17): warning CS0108: “ICompendiumTable<WindowState, MessageBase>.ClearGrouping()”隐藏继承的成员“ICompendiumTable.ClearGrouping()”。如果是有意隐藏，请使用关键字 new。 [E:\Program Files (x86)\claude code\InventoryTools\InventoryTools\InventoryTools.csproj]
E:\Program Files (x86)\claude code\InventoryTools\InventoryTools\Compendium\Models\CompendiumGrouping.cs(10,49): warning CS8766: “Func<object, string>? CompendiumGrouping<TData>.GroupMapping.get”的返回类型中引用类型的为 Null 性与隐式实现的成员“Func<object, string> ICompendiumGrouping.GroupMapping.get”不匹配(可能是由于为 Null 性特性)。 [E:\Program Files (x86)\claude code\InventoryTools\InventoryTools\InventoryTools.csproj]
E:\Program Files (x86)\claude code\InventoryTools\InventoryTools\Ui\Windows\OverlayWindow.cs(122,28): warning CS0114: “OverlayWindow.Dispose(bool)”隐藏继承的成员“WindowMediatorSubscriberBase.Dispose(bool)”。若要使当前成员重写该实现，请添加关键字 override。否则，添加关键字 new。 [E:\Program Files (x86)\claude code\InventoryTools\InventoryTools\InventoryTools.csproj]
E:\Program Files (x86)\claude code\InventoryTools\InventoryTools\Services\ImGuiService.cs(293,36): warning CS0108: “ImGuiService.LoadImage(string)”隐藏继承的成员“ImGuiService.LoadImage(string)”。如果是有意隐藏，请使用关键字 new。 [E:\Program Files (x86)\claude code\InventoryTools\InventoryTools\InventoryTools.csproj]
E:\Program Files (x86)\claude code\InventoryTools\InventoryTools\Services\PopupService.cs(208,17): warning CS0465: 引入 "Finalize" 方法会妨碍析构函数调用。是否希望声明析构函数? [E:\Program Files (x86)\claude code\InventoryTools\InventoryTools\InventoryTools.csproj]
E:\Program Files (x86)\claude code\InventoryTools\InventoryTools\Services\PopupService.cs(126,17): warning CS0465: 引入 "Finalize" 方法会妨碍析构函数调用。是否希望声明析构函数? [E:\Program Files (x86)\claude code\InventoryTools\InventoryTools\InventoryTools.csproj]
E:\Program Files (x86)\claude code\InventoryTools\InventoryTools\Services\PopupService.cs(268,10): warning CS0465: 引入 "Finalize" 方法会妨碍析构函数调用。是否希望声明析构函数? [E:\Program Files (x86)\claude code\InventoryTools\InventoryTools\InventoryTools.csproj]
E:\Program Files (x86)\claude code\InventoryTools\InventoryTools\Services\PopupService.cs(257,17): warning CS0465: 引入 "Finalize" 方法会妨碍析构函数调用。是否希望声明析构函数? [E:\Program Files (x86)\claude code\InventoryTools\InventoryTools\InventoryTools.csproj]
E:\Program Files (x86)\claude code\InventoryTools\InventoryTools\Logic\Columns\ColumnSettings\ButtonColumnSetting.cs(43,59): warning CS8765: 参数“value”类型的为 Null 性与重写成员不匹配(可能是由于为 Null 性特性)。 [E:\Program Files (x86)\claude code\InventoryTools\InventoryTools\InventoryTools.csproj]
E:\Program Files (x86)\claude code\InventoryTools\InventoryTools\Logic\Settings\Abstract\ChoiceSetting.cs(16,47): warning CS8714: 类型“T”不能用作泛型类型或方法“Dictionary<TKey, TValue>”中的类型参数“TKey”。类型参数“T”的为 Null 性与 "notnull" 约束不匹配。 [E:\Program Files (x86)\claude code\InventoryTools\InventoryTools\InventoryTools.csproj]
E:\Program Files (x86)\claude code\InventoryTools\InventoryTools\Logic\ItemRenderers\ItemCollectablesShopSourceRenderer.cs(54,21): warning CS0108: “ItemCollectablesShopSourceRenderer.MapSheet”隐藏继承的成员“ItemInfoRenderer<ItemCollectablesShopSource>.MapSheet”。如果是有意隐藏，请使用关键字 new。 [E:\Program Files (x86)\claude code\InventoryTools\InventoryTools\InventoryTools.csproj]
E:\Program Files (x86)\claude code\InventoryTools\InventoryTools\Logic\ItemRenderers\ItemFateShopSourceRenderer.cs(41,21): warning CS0108: “ItemFateShopSourceRenderer.MapSheet”隐藏继承的成员“ItemInfoRenderer<ItemFateShopSource>.MapSheet”。如果是有意隐藏，请使用关键字 new。 [E:\Program Files (x86)\claude code\InventoryTools\InventoryTools\InventoryTools.csproj]
E:\Program Files (x86)\claude code\InventoryTools\InventoryTools\Logic\ItemRenderers\ItemFccShopSourceRenderer.cs(54,21): warning CS0108: “ItemFccShopSourceRenderer.MapSheet”隐藏继承的成员“ItemInfoRenderer<ItemFccShopSource>.MapSheet”。如果是有意隐藏，请使用关键字 new。 [E:\Program Files (x86)\claude code\InventoryTools\InventoryTools\InventoryTools.csproj]
E:\Program Files (x86)\claude code\InventoryTools\InventoryTools\Logic\ItemRenderers\ItemGCShopSourceRenderer.cs(53,21): warning CS0108: “ItemGCShopSourceRenderer.MapSheet”隐藏继承的成员“ItemInfoRenderer<ItemGCShopSource>.MapSheet”。如果是有意隐藏，请使用关键字 new。 [E:\Program Files (x86)\claude code\InventoryTools\InventoryTools\InventoryTools.csproj]
E:\Program Files (x86)\claude code\InventoryTools\InventoryTools\Logic\ItemRenderers\ItemSupplementSourceRenderer.cs(442,29): warning CS0108: “ItemSupplementSourceRenderer<T>.TextureProvider”隐藏继承的成员“ItemInfoRenderer<T>.TextureProvider”。如果是有意隐藏，请使用关键字 new。 [E:\Program Files (x86)\claude code\InventoryTools\InventoryTools\InventoryTools.csproj]
E:\Program Files (x86)\claude code\InventoryTools\InventoryTools\Ui\Windows\AirshipWindow.cs(23,87): error CS0246: 未能找到类型或命名空间名“ImGuiService”(是否缺少 using 指令或程序集引用?) [E:\Program Files (x86)\claude code\InventoryTools\InventoryTools\InventoryTools.csproj]
E:\Program Files (x86)\claude code\InventoryTools\InventoryTools\Ui\Windows\AirshipsWindow.cs(26,85): error CS0246: 未能找到类型或命名空间名“ImGuiService”(是否缺少 using 指令或程序集引用?) [E:\Program Files (x86)\claude code\InventoryTools\InventoryTools\InventoryTools.csproj]
E:\Program Files (x86)\claude code\InventoryTools\InventoryTools\EquipmentSuggest\EquipmentSuggestModeSetting.cs(18,116): error CS0246: 未能找到类型或命名空间名“ImGuiService”(是否缺少 using 指令或程序集引用?) [E:\Program Files (x86)\claude code\InventoryTools\InventoryTools\InventoryTools.csproj]
E:\Program Files (x86)\claude code\InventoryTools\InventoryTools\Ui\Windows\ConfigurationWizard.cs(17,22): error CS0246: 未能找到类型或命名空间名“ConfigurationWizardService”(是否缺少 using 指令或程序集引用?) [E:\Program Files (x86)\claude code\InventoryTools\InventoryTools\InventoryTools.csproj]
E:\Program Files (x86)\claude code\InventoryTools\InventoryTools\Ui\Windows\ConfigurationWizard.cs(19,95): error CS0246: 未能找到类型或命名空间名“ImGuiService”(是否缺少 using 指令或程序集引用?) [E:\Program Files (x86)\claude code\InventoryTools\InventoryTools\InventoryTools.csproj]
E:\Program Files (x86)\claude code\InventoryTools\InventoryTools\Ui\Windows\ConfigurationWizard.cs(19,165): error CS0246: 未能找到类型或命名空间名“ConfigurationWizardService”(是否缺少 using 指令或程序集引用?) [E:\Program Files (x86)\claude code\InventoryTools\InventoryTools\InventoryTools.csproj]
E:\Program Files (x86)\claude code\InventoryTools\InventoryTools\Ui\Windows\BNpcsWindow.cs(35,9): error CS0246: 未能找到类型或命名空间名“ImGuiService”(是否缺少 using 指令或程序集引用?) [E:\Program Files (x86)\claude code\InventoryTools\InventoryTools\InventoryTools.csproj]
E:\Program Files (x86)\claude code\InventoryTools\InventoryTools\Ui\Windows\ENpcsWindow.cs(28,9): error CS0246: 未能找到类型或命名空间名“ImGuiService”(是否缺少 using 指令或程序集引用?) [E:\Program Files (x86)\claude code\InventoryTools\InventoryTools\InventoryTools.csproj]
E:\Program Files (x86)\claude code\InventoryTools\InventoryTools\Ui\Windows\HelpWindow.cs(16,81): error CS0246: 未能找到类型或命名空间名“ImGuiService”(是否缺少 using 指令或程序集引用?) [E:\Program Files (x86)\claude code\InventoryTools\InventoryTools\InventoryTools.csproj]
E:\Program Files (x86)\claude code\InventoryTools\InventoryTools\Ui\Windows\IntroWindow.cs(14,83): error CS0246: 未能找到类型或命名空间名“ImGuiService”(是否缺少 using 指令或程序集引用?) [E:\Program Files (x86)\claude code\InventoryTools\InventoryTools\InventoryTools.csproj]
E:\Program Files (x86)\claude code\InventoryTools\InventoryTools\EquipmentSuggest\EquipmentSuggestViewModeSetting.cs(18,93): error CS0246: 未能找到类型或命名空间名“ImGuiService”(是否缺少 using 指令或程序集引用?) [E:\Program Files (x86)\claude code\InventoryTools\InventoryTools\InventoryTools.csproj]
E:\Program Files (x86)\claude code\InventoryTools\InventoryTools\Ui\Windows\DutiesWindow.cs(21,22): error CS0246: 未能找到类型或命名空间名“ImGuiService”(是否缺少 using 指令或程序集引用?) [E:\Program Files (x86)\claude code\InventoryTools\InventoryTools\InventoryTools.csproj]
E:\Program Files (x86)\claude code\InventoryTools\InventoryTools\Ui\Windows\FiltersWindow.cs(47,26): error CS0246: 未能找到类型或命名空间名“IFilterService”(是否缺少 using 指令或程序集引用?) [E:\Program Files (x86)\claude code\InventoryTools\InventoryTools\InventoryTools.csproj]
E:\Program Files (x86)\claude code\InventoryTools\InventoryTools\Ui\Windows\DutiesWindow.cs(24,81): error CS0246: 未能找到类型或命名空间名“ImGuiService”(是否缺少 using 指令或程序集引用?) [E:\Program Files (x86)\claude code\InventoryTools\InventoryTools\InventoryTools.csproj]
E:\Program Files (x86)\claude code\InventoryTools\InventoryTools\Ui\Windows\FiltersWindow.cs(61,26): error CS0246: 未能找到类型或命名空间名“IClipboardService”(是否缺少 using 指令或程序集引用?) [E:\Program Files (x86)\claude code\InventoryTools\InventoryTools\InventoryTools.csproj]
E:\Program Files (x86)\claude code\InventoryTools\InventoryTools\Ui\Windows\FiltersWindow.cs(62,26): error CS0246: 未能找到类型或命名空间名“PopupService”(是否缺少 using 指令或程序集引用?) [E:\Program Files (x86)\claude code\InventoryTools\InventoryTools\InventoryTools.csproj]
E:\Program Files (x86)\claude code\InventoryTools\InventoryTools\Ui\Windows\DutyWindow.cs(33,13): error CS0246: 未能找到类型或命名空间名“ImGuiService”(是否缺少 using 指令或程序集引用?) [E:\Program Files (x86)\claude code\InventoryTools\InventoryTools\InventoryTools.csproj]
E:\Program Files (x86)\claude code\InventoryTools\InventoryTools\Ui\Windows\RetainerTaskWindow.cs(24,13): error CS0246: 未能找到类型或命名空间名“ImGuiService”(是否缺少 using 指令或程序集引用?) [E:\Program Files (x86)\claude code\InventoryTools\InventoryTools\InventoryTools.csproj]
E:\Program Files (x86)\claude code\InventoryTools\InventoryTools\Ui\Windows\FiltersWindow.cs(96,87): error CS0246: 未能找到类型或命名空间名“ImGuiService”(是否缺少 using 指令或程序集引用?) [E:\Program Files (x86)\claude code\InventoryTools\InventoryTools\InventoryTools.csproj]
E:\Program Files (x86)\claude code\InventoryTools\InventoryTools\Ui\Windows\FiltersWindow.cs(97,82): error CS0246: 未能找到类型或命名空间名“IFilterService”(是否缺少 using 指令或程序集引用?) [E:\Program Files (x86)\claude code\InventoryTools\InventoryTools\InventoryTools.csproj]
E:\Program Files (x86)\claude code\InventoryTools\InventoryTools\Ui\Windows\FiltersWindow.cs(103,13): error CS0246: 未能找到类型或命名空间名“IClipboardService”(是否缺少 using 指令或程序集引用?) [E:\Program Files (x86)\claude code\InventoryTools\InventoryTools\InventoryTools.csproj]
E:\Program Files (x86)\claude code\InventoryTools\InventoryTools\Ui\Windows\FiltersWindow.cs(103,49): error CS0246: 未能找到类型或命名空间名“PopupService”(是否缺少 using 指令或程序集引用?) [E:\Program Files (x86)\claude code\InventoryTools\InventoryTools\InventoryTools.csproj]
E:\Program Files (x86)\claude code\InventoryTools\InventoryTools\Ui\Windows\RetainerTasksWindow.cs(25,95): error CS0246: 未能找到类型或命名空间名“ImGuiService”(是否缺少 using 指令或程序集引用?) [E:\Program Files (x86)\claude code\InventoryTools\InventoryTools\InventoryTools.csproj]
E:\Program Files (x86)\claude code\InventoryTools\InventoryTools\Ui\Windows\SubmarinesWindow.cs(24,22): error CS0246: 未能找到类型或命名空间名“ImGuiService”(是否缺少 using 指令或程序集引用?) [E:\Program Files (x86)\claude code\InventoryTools\InventoryTools\InventoryTools.csproj]
E:\Program Files (x86)\claude code\InventoryTools\InventoryTools\Ui\Windows\SubmarinesWindow.cs(28,89): error CS0246: 未能找到类型或命名空间名“ImGuiService”(是否缺少 using 指令或程序集引用?) [E:\Program Files (x86)\claude code\InventoryTools\InventoryTools\InventoryTools.csproj]
E:\Program Files (x86)\claude code\InventoryTools\InventoryTools\Ui\Windows\SubmarineWindow.cs(25,13): error CS0246: 未能找到类型或命名空间名“ImGuiService”(是否缺少 using 指令或程序集引用?) [E:\Program Files (x86)\claude code\InventoryTools\InventoryTools\InventoryTools.csproj]
E:\Program Files (x86)\claude code\InventoryTools\InventoryTools\Services\ImGuiTooltipService.cs(42,9): error CS0246: 未能找到类型或命名空间名“ItemLocalizer”(是否缺少 using 指令或程序集引用?) [E:\Program Files (x86)\claude code\InventoryTools\InventoryTools\InventoryTools.csproj]
E:\Program Files (x86)\claude code\InventoryTools\InventoryTools\Logic\Filters\Abstract\DecimalFilter.cs(76,49): error CS0246: 未能找到类型或命名空间名“ImGuiService”(是否缺少 using 指令或程序集引用?) [E:\Program Files (x86)\claude code\InventoryTools\InventoryTools\InventoryTools.csproj]
E:\Program Files (x86)\claude code\InventoryTools\InventoryTools\Logic\Filters\Abstract\IntegerFilter.cs(77,49): error CS0246: 未能找到类型或命名空间名“ImGuiService”(是否缺少 using 指令或程序集引用?) [E:\Program Files (x86)\claude code\InventoryTools\InventoryTools\InventoryTools.csproj]
E:\Program Files (x86)\claude code\InventoryTools\InventoryTools\Logic\Settings\Abstract\BooleanSetting.cs(9,47): error CS0246: 未能找到类型或命名空间名“ImGuiService”(是否缺少 using 指令或程序集引用?) [E:\Program Files (x86)\claude code\InventoryTools\InventoryTools\InventoryTools.csproj]
E:\Program Files (x86)\claude code\InventoryTools\InventoryTools\Logic\Settings\Abstract\ChoiceSetting.cs(13,46): error CS0246: 未能找到类型或命名空间名“ImGuiService”(是否缺少 using 指令或程序集引用?) [E:\Program Files (x86)\claude code\InventoryTools\InventoryTools\InventoryTools.csproj]
E:\Program Files (x86)\claude code\InventoryTools\InventoryTools\Logic\Settings\Abstract\ColorSetting.cs(10,45): error CS0246: 未能找到类型或命名空间名“ImGuiService”(是否缺少 using 指令或程序集引用?) [E:\Program Files (x86)\claude code\InventoryTools\InventoryTools\InventoryTools.csproj]
E:\Program Files (x86)\claude code\InventoryTools\InventoryTools\Logic\Settings\CompendiumRowHeightSetting.cs(9,83): error CS0246: 未能找到类型或命名空间名“ImGuiService”(是否缺少 using 指令或程序集引用?) [E:\Program Files (x86)\claude code\InventoryTools\InventoryTools\InventoryTools.csproj]
E:\Program Files (x86)\claude code\InventoryTools\InventoryTools\Logic\Settings\Abstract\Generic\GenericBooleanSetting.cs(8,199): error CS0246: 未能找到类型或命名空间名“ImGuiService”(是否缺少 using 指令或程序集引用?) [E:\Program Files (x86)\claude code\InventoryTools\InventoryTools\InventoryTools.csproj]
E:\Program Files (x86)\claude code\InventoryTools\InventoryTools\Logic\Settings\Abstract\GameColorSetting.cs(60,49): error CS0246: 未能找到类型或命名空间名“ImGuiService”(是否缺少 using 指令或程序集引用?) [E:\Program Files (x86)\claude code\InventoryTools\InventoryTools\InventoryTools.csproj]
E:\Program Files (x86)\claude code\InventoryTools\InventoryTools\Logic\Settings\CompendiumWotsitSetting.cs(9,77): error CS0246: 未能找到类型或命名空间名“ImGuiService”(是否缺少 using 指令或程序集引用?) [E:\Program Files (x86)\claude code\InventoryTools\InventoryTools\InventoryTools.csproj]
E:\Program Files (x86)\claude code\InventoryTools\InventoryTools\Logic\Settings\Abstract\HotKeySetting.cs(12,46): error CS0246: 未能找到类型或命名空间名“ImGuiService”(是否缺少 using 指令或程序集引用?) [E:\Program Files (x86)\claude code\InventoryTools\InventoryTools\InventoryTools.csproj]
E:\Program Files (x86)\claude code\InventoryTools\InventoryTools\Logic\Settings\Abstract\IntegerSetting.cs(9,47): error CS0246: 未能找到类型或命名空间名“ImGuiService”(是否缺少 using 指令或程序集引用?) [E:\Program Files (x86)\claude code\InventoryTools\InventoryTools\InventoryTools.csproj]
E:\Program Files (x86)\claude code\InventoryTools\InventoryTools\Logic\Settings\ContextMenuAddToActiveCraftListSetting.cs(8,111): error CS0246: 未能找到类型或命名空间名“ImGuiService”(是否缺少 using 指令或程序集引用?) [E:\Program Files (x86)\claude code\InventoryTools\InventoryTools\InventoryTools.csproj]
E:\Program Files (x86)\claude code\InventoryTools\InventoryTools\Logic\Settings\Abstract\Generic\GenericEnumChoiceSetting.cs(10,241): error CS0246: 未能找到类型或命名空间名“ImGuiService”(是否缺少 using 指令或程序集引用?) [E:\Program Files (x86)\claude code\InventoryTools\InventoryTools\InventoryTools.csproj]
E:\Program Files (x86)\claude code\InventoryTools\InventoryTools\Logic\Settings\ContextMenuAddToCraftListSetting.cs(8,99): error CS0246: 未能找到类型或命名空间名“ImGuiService”(是否缺少 using 指令或程序集引用?) [E:\Program Files (x86)\claude code\InventoryTools\InventoryTools\InventoryTools.csproj]
E:\Program Files (x86)\claude code\InventoryTools\InventoryTools\Logic\Settings\Abstract\MultipleChoiceSetting.cs(16,54): error CS0246: 未能找到类型或命名空间名“ImGuiService”(是否缺少 using 指令或程序集引用?) [E:\Program Files (x86)\claude code\InventoryTools\InventoryTools\InventoryTools.csproj]
E:\Program Files (x86)\claude code\InventoryTools\InventoryTools\Logic\Settings\Abstract\Generic\GenericGameColorSetting.cs(10,202): error CS0246: 未能找到类型或命名空间名“ImGuiService”(是否缺少 using 指令或程序集引用?) [E:\Program Files (x86)\claude code\InventoryTools\InventoryTools\InventoryTools.csproj]
E:\Program Files (x86)\claude code\InventoryTools\InventoryTools\Logic\Settings\ContextMenuAddToCuratedListSetting.cs(10,9): error CS0246: 未能找到类型或命名空间名“ImGuiService”(是否缺少 using 指令或程序集引用?) [E:\Program Files (x86)\claude code\InventoryTools\InventoryTools\InventoryTools.csproj]
E:\Program Files (x86)\claude code\InventoryTools\InventoryTools\Logic\Settings\Abstract\Generic\GenericIntegerSetting.cs(8,198): error CS0246: 未能找到类型或命名空间名“ImGuiService”(是否缺少 using 指令或程序集引用?) [E:\Program Files (x86)\claude code\InventoryTools\InventoryTools\InventoryTools.csproj]
E:\Program Files (x86)\claude code\InventoryTools\InventoryTools\Logic\Settings\ContextMenuAddToFavouritesSetting.cs(10,9): error CS0246: 未能找到类型或命名空间名“ImGuiService”(是否缺少 using 指令或程序集引用?) [E:\Program Files (x86)\claude code\InventoryTools\InventoryTools\InventoryTools.csproj]
E:\Program Files (x86)\claude code\InventoryTools\InventoryTools\Logic\Settings\Abstract\Generic\GenericMultipleEnumChoiceSetting.cs(11,255): error CS0246: 未能找到类型或命名空间名“ImGuiService”(是否缺少 using 指令或程序集引用?) [E:\Program Files (x86)\claude code\InventoryTools\InventoryTools\InventoryTools.csproj]
E:\Program Files (x86)\claude code\InventoryTools\InventoryTools\Logic\Settings\Abstract\MultipleEnumChoiceSetting.cs(10,57): error CS0246: 未能找到类型或命名空间名“ImGuiService”(是否缺少 using 指令或程序集引用?) [E:\Program Files (x86)\claude code\InventoryTools\InventoryTools\InventoryTools.csproj]
E:\Program Files (x86)\claude code\InventoryTools\InventoryTools\Logic\Filters\CraftItemIngredientOverridesFilter.cs(25,22): error CS0246: 未能找到类型或命名空间名“IngredientPreferenceLocalizer”(是否缺少 using 指令或程序集引用?) [E:\Program Files (x86)\claude code\InventoryTools\InventoryTools\InventoryTools.csproj]
E:\Program Files (x86)\claude code\InventoryTools\InventoryTools\Logic\Settings\ContextMenuItemSearchSetting.cs(8,91): error CS0246: 未能找到类型或命名空间名“ImGuiService”(是否缺少 using 指令或程序集引用?) [E:\Program Files (x86)\claude code\InventoryTools\InventoryTools\InventoryTools.csproj]
E:\Program Files (x86)\claude code\InventoryTools\InventoryTools\Logic\Settings\Abstract\StringSetting.cs(9,46): error CS0246: 未能找到类型或命名空间名“ImGuiService”(是否缺少 using 指令或程序集引用?) [E:\Program Files (x86)\claude code\InventoryTools\InventoryTools\InventoryTools.csproj]
E:\Program Files (x86)\claude code\InventoryTools\InventoryTools\Logic\Settings\ContextMenuMoreInformationMonstersSetting.cs(9,117): error CS0246: 未能找到类型或命名空间名“ImGuiService”(是否缺少 using 指令或程序集引用?) [E:\Program Files (x86)\claude code\InventoryTools\InventoryTools\InventoryTools.csproj]
E:\Program Files (x86)\claude code\InventoryTools\InventoryTools\Logic\Filters\CraftItemIngredientOverridesFilter.cs(40,9): error CS0246: 未能找到类型或命名空间名“IngredientPreferenceLocalizer”(是否缺少 using 指令或程序集引用?) [E:\Program Files (x86)\claude code\InventoryTools\InventoryTools\InventoryTools.csproj]
E:\Program Files (x86)\claude code\InventoryTools\InventoryTools\Logic\Settings\AcquisitionTrackerLoginDelaySetting.cs(9,101): error CS0246: 未能找到类型或命名空间名“ImGuiService”(是否缺少 using 指令或程序集引用?) [E:\Program Files (x86)\claude code\InventoryTools\InventoryTools\InventoryTools.csproj]
E:\Program Files (x86)\claude code\InventoryTools\InventoryTools\Logic\Settings\ContextMenuMoreInformationNpcsSetting.cs(9,109): error CS0246: 未能找到类型或命名空间名“ImGuiService”(是否缺少 using 指令或程序集引用?) [E:\Program Files (x86)\claude code\InventoryTools\InventoryTools\InventoryTools.csproj]
E:\Program Files (x86)\claude code\InventoryTools\InventoryTools\Logic\Settings\AcquisitionTrackerPersistStateSetting.cs(9,105): error CS0246: 未能找到类型或命名空间名“ImGuiService”(是否缺少 using 指令或程序集引用?) [E:\Program Files (x86)\claude code\InventoryTools\InventoryTools\InventoryTools.csproj]
E:\Program Files (x86)\claude code\InventoryTools\InventoryTools\Logic\Settings\ContextMenuMoreInformationSetting.cs(31,101): error CS0246: 未能找到类型或命名空间名“ImGuiService”(是否缺少 using 指令或程序集引用?) [E:\Program Files (x86)\claude code\InventoryTools\InventoryTools\InventoryTools.csproj]
E:\Program Files (x86)\claude code\InventoryTools\InventoryTools\Logic\Settings\ContextMenuOpenCraftLogSetting.cs(8,97): error CS0246: 未能找到类型或命名空间名“ImGuiService”(是否缺少 using 指令或程序集引用?) [E:\Program Files (x86)\claude code\InventoryTools\InventoryTools\InventoryTools.csproj]
E:\Program Files (x86)\claude code\InventoryTools\InventoryTools\Logic\Settings\AddTitleMenuButtonSetting.cs(8,81): error CS0246: 未能找到类型或命名空间名“ImGuiService”(是否缺少 using 指令或程序集引用?) [E:\Program Files (x86)\claude code\InventoryTools\InventoryTools\InventoryTools.csproj]
E:\Program Files (x86)\claude code\InventoryTools\InventoryTools\Logic\Settings\ContextMenuOpenFishingLogSetting.cs(8,95): error CS0246: 未能找到类型或命名空间名“ImGuiService”(是否缺少 using 指令或程序集引用?) [E:\Program Files (x86)\claude code\InventoryTools\InventoryTools\InventoryTools.csproj]
E:\Program Files (x86)\claude code\InventoryTools\InventoryTools\Logic\Settings\AllowCrossCharacterSetting.cs(30,87): error CS0246: 未能找到类型或命名空间名“ImGuiService”(是否缺少 using 指令或程序集引用?) [E:\Program Files (x86)\claude code\InventoryTools\InventoryTools\InventoryTools.csproj]
E:\Program Files (x86)\claude code\InventoryTools\InventoryTools\Logic\Settings\ContextMenuOpenGatheringLogSetting.cs(8,99): error CS0246: 未能找到类型或命名空间名“ImGuiService”(是否缺少 using 指令或程序集引用?) [E:\Program Files (x86)\claude code\InventoryTools\InventoryTools\InventoryTools.csproj]
E:\Program Files (x86)\claude code\InventoryTools\InventoryTools\Logic\Settings\EnableTetrisSetting.cs(29,69): error CS0246: 未能找到类型或命名空间名“ImGuiService”(是否缺少 using 指令或程序集引用?) [E:\Program Files (x86)\claude code\InventoryTools\InventoryTools\InventoryTools.csproj]
E:\Program Files (x86)\claude code\InventoryTools\InventoryTools\Logic\Settings\AutomaticallyDownloadPricesSetting.cs(11,103): error CS0246: 未能找到类型或命名空间名“ImGuiService”(是否缺少 using 指令或程序集引用?) [E:\Program Files (x86)\claude code\InventoryTools\InventoryTools\InventoryTools.csproj]
E:\Program Files (x86)\claude code\InventoryTools\InventoryTools\Logic\Settings\CraftOverlayHideSetting.cs(21,77): error CS0246: 未能找到类型或命名空间名“ImGuiService”(是否缺少 using 指令或程序集引用?) [E:\Program Files (x86)\claude code\InventoryTools\InventoryTools\InventoryTools.csproj]
E:\Program Files (x86)\claude code\InventoryTools\InventoryTools\Logic\Settings\CraftOverlayMaxExpandedItemsSetting.cs(10,9): error CS0246: 未能找到类型或命名空间名“ImGuiService”(是否缺少 using 指令或程序集引用?) [E:\Program Files (x86)\claude code\InventoryTools\InventoryTools\InventoryTools.csproj]
E:\Program Files (x86)\claude code\InventoryTools\InventoryTools\Logic\Settings\FiltersWindowLayoutSetting.cs(40,83): error CS0246: 未能找到类型或命名空间名“ImGuiService”(是否缺少 using 指令或程序集引用?) [E:\Program Files (x86)\claude code\InventoryTools\InventoryTools\InventoryTools.csproj]
E:\Program Files (x86)\claude code\InventoryTools\InventoryTools\Logic\Settings\CraftOverlayRememberStateSetting.cs(10,9): error CS0246: 未能找到类型或命名空间名“ImGuiService”(是否缺少 using 指令或程序集引用?) [E:\Program Files (x86)\claude code\InventoryTools\InventoryTools\InventoryTools.csproj]
E:\Program Files (x86)\claude code\InventoryTools\InventoryTools\Logic\Settings\AutoSaveSetting.cs(10,65): error CS0246: 未能找到类型或命名空间名“ImGuiService”(是否缺少 using 指令或程序集引用?) [E:\Program Files (x86)\claude code\InventoryTools\InventoryTools\InventoryTools.csproj]
E:\Program Files (x86)\claude code\InventoryTools\InventoryTools\Logic\Settings\CraftOverlayWindowStateSetting.cs(11,91): error CS0246: 未能找到类型或命名空间名“ImGuiService”(是否缺少 using 指令或程序集引用?) [E:\Program Files (x86)\claude code\InventoryTools\InventoryTools\InventoryTools.csproj]
E:\Program Files (x86)\claude code\InventoryTools\InventoryTools\Logic\Settings\HighlightColourSetting.cs(28,79): error CS0246: 未能找到类型或命名空间名“ImGuiService”(是否缺少 using 指令或程序集引用?) [E:\Program Files (x86)\claude code\InventoryTools\InventoryTools\InventoryTools.csproj]
E:\Program Files (x86)\claude code\InventoryTools\InventoryTools\Logic\Settings\AutoSaveTimeSetting.cs(11,73): error CS0246: 未能找到类型或命名空间名“ImGuiService”(是否缺少 using 指令或程序集引用?) [E:\Program Files (x86)\claude code\InventoryTools\InventoryTools\InventoryTools.csproj]
E:\Program Files (x86)\claude code\InventoryTools\InventoryTools\Logic\Settings\HighlightDestinationColourSetting.cs(27,101): error CS0246: 未能找到类型或命名空间名“ImGuiService”(是否缺少 using 指令或程序集引用?) [E:\Program Files (x86)\claude code\InventoryTools\InventoryTools\InventoryTools.csproj]
E:\Program Files (x86)\claude code\InventoryTools\InventoryTools\Logic\Settings\CraftWindowLayoutSetting.cs(41,79): error CS0246: 未能找到类型或命名空间名“ImGuiService”(是否缺少 using 指令或程序集引用?) [E:\Program Files (x86)\claude code\InventoryTools\InventoryTools\InventoryTools.csproj]
E:\Program Files (x86)\claude code\InventoryTools\InventoryTools\Logic\Settings\HighlightDestinationDuplicatesSetting.cs(29,89): error CS0246: 未能找到类型或命名空间名“ImGuiService”(是否缺少 using 指令或程序集引用?) [E:\Program Files (x86)\claude code\InventoryTools\InventoryTools\InventoryTools.csproj]
E:\Program Files (x86)\claude code\InventoryTools\InventoryTools\Logic\Settings\CraftWindowViewSetting.cs(17,75): error CS0246: 未能找到类型或命名空间名“ImGuiService”(是否缺少 using 指令或程序集引用?) [E:\Program Files (x86)\claude code\InventoryTools\InventoryTools\InventoryTools.csproj]
E:\Program Files (x86)\claude code\InventoryTools\InventoryTools\Logic\Settings\ColourRetainerListSetting.cs(26,85): error CS0246: 未能找到类型或命名空间名“ImGuiService”(是否缺少 using 指令或程序集引用?) [E:\Program Files (x86)\claude code\InventoryTools\InventoryTools\InventoryTools.csproj]
E:\Program Files (x86)\claude code\InventoryTools\InventoryTools\Logic\Settings\HighlightDestinationEmptySetting.cs(29,99): error CS0246: 未能找到类型或命名空间名“ImGuiService”(是否缺少 using 指令或程序集引用?) [E:\Program Files (x86)\claude code\InventoryTools\InventoryTools\InventoryTools.csproj]
E:\Program Files (x86)\claude code\InventoryTools\InventoryTools\Logic\Settings\HotkeyConfigWindowSetting.cs(19,81): error CS0246: 未能找到类型或命名空间名“ImGuiService”(是否缺少 using 指令或程序集引用?) [E:\Program Files (x86)\claude code\InventoryTools\InventoryTools\InventoryTools.csproj]
E:\Program Files (x86)\claude code\InventoryTools\InventoryTools\Logic\Settings\HighlightWhenSetting.cs(36,75): error CS0246: 未能找到类型或命名空间名“ImGuiService”(是否缺少 using 指令或程序集引用?) [E:\Program Files (x86)\claude code\InventoryTools\InventoryTools\InventoryTools.csproj]
E:\Program Files (x86)\claude code\InventoryTools\InventoryTools\Logic\Settings\HotkeyCraftWindowSetting.cs(22,83): error CS0246: 未能找到类型或命名空间名“ImGuiService”(是否缺少 using 指令或程序集引用?) [E:\Program Files (x86)\claude code\InventoryTools\InventoryTools\InventoryTools.csproj]
E:\Program Files (x86)\claude code\InventoryTools\InventoryTools\Logic\Settings\HistoryEnabledSetting.cs(30,73): error CS0246: 未能找到类型或命名空间名“ImGuiService”(是否缺少 using 指令或程序集引用?) [E:\Program Files (x86)\claude code\InventoryTools\InventoryTools\InventoryTools.csproj]
E:\Program Files (x86)\claude code\InventoryTools\InventoryTools\Logic\Settings\HotkeySubmarinesWindowSetting.cs(22,93): error CS0246: 未能找到类型或命名空间名“ImGuiService”(是否缺少 using 指令或程序集引用?) [E:\Program Files (x86)\claude code\InventoryTools\InventoryTools\InventoryTools.csproj]
E:\Program Files (x86)\claude code\InventoryTools\InventoryTools\Logic\Settings\ImGuiTooltipModeSetting.cs(18,9): error CS0246: 未能找到类型或命名空间名“ImGuiService”(是否缺少 using 指令或程序集引用?) [E:\Program Files (x86)\claude code\InventoryTools\InventoryTools\InventoryTools.csproj]
E:\Program Files (x86)\claude code\InventoryTools\InventoryTools\Logic\Settings\HotkeyDutiesWindowSetting.cs(22,85): error CS0246: 未能找到类型或命名空间名“ImGuiService”(是否缺少 using 指令或程序集引用?) [E:\Program Files (x86)\claude code\InventoryTools\InventoryTools\InventoryTools.csproj]
E:\Program Files (x86)\claude code\InventoryTools\InventoryTools\Logic\Settings\HistoryTrackEventsSetting.cs(64,81): error CS0246: 未能找到类型或命名空间名“ImGuiService”(是否缺少 using 指令或程序集引用?) [E:\Program Files (x86)\claude code\InventoryTools\InventoryTools\InventoryTools.csproj]
E:\Program Files (x86)\claude code\InventoryTools\InventoryTools\Logic\Settings\HotkeyListsWindowSetting.cs(23,83): error CS0246: 未能找到类型或命名空间名“ImGuiService”(是否缺少 using 指令或程序集引用?) [E:\Program Files (x86)\claude code\InventoryTools\InventoryTools\InventoryTools.csproj]
E:\Program Files (x86)\claude code\InventoryTools\InventoryTools\Logic\Settings\HotkeyAirshipsWindowSetting.cs(22,87): error CS0246: 未能找到类型或命名空间名“ImGuiService”(是否缺少 using 指令或程序集引用?) [E:\Program Files (x86)\claude code\InventoryTools\InventoryTools\InventoryTools.csproj]
E:\Program Files (x86)\claude code\InventoryTools\InventoryTools\Logic\Settings\HotkeyMobWindowSetting.cs(23,79): error CS0246: 未能找到类型或命名空间名“ImGuiService”(是否缺少 using 指令或程序集引用?) [E:\Program Files (x86)\claude code\InventoryTools\InventoryTools\InventoryTools.csproj]
E:\Program Files (x86)\claude code\InventoryTools\InventoryTools\Logic\Settings\MarketBoardUseActiveWorldSetting.cs(26,95): error CS0246: 未能找到类型或命名空间名“ImGuiService”(是否缺少 using 指令或程序集引用?) [E:\Program Files (x86)\claude code\InventoryTools\InventoryTools\InventoryTools.csproj]
E:\Program Files (x86)\claude code\InventoryTools\InventoryTools\Logic\Settings\InvertDestinationHighlightingSetting.cs(29,107): error CS0246: 未能找到类型或命名空间名“ImGuiService”(是否缺少 using 指令或程序集引用?) [E:\Program Files (x86)\claude code\InventoryTools\InventoryTools\InventoryTools.csproj]
E:\Program Files (x86)\claude code\InventoryTools\InventoryTools\Logic\Settings\HotkeyMoreInfoSetting.cs(32,77): error CS0246: 未能找到类型或命名空间名“ImGuiService”(是否缺少 using 指令或程序集引用?) [E:\Program Files (x86)\claude code\InventoryTools\InventoryTools\InventoryTools.csproj]
E:\Program Files (x86)\claude code\InventoryTools\InventoryTools\Logic\Settings\MarketBoardUseHomeWorldSetting.cs(26,91): error CS0246: 未能找到类型或命名空间名“ImGuiService”(是否缺少 using 指令或程序集引用?) [E:\Program Files (x86)\claude code\InventoryTools\InventoryTools\InventoryTools.csproj]
E:\Program Files (x86)\claude code\InventoryTools\InventoryTools\Logic\Settings\InvertHighlightingSetting.cs(29,85): error CS0246: 未能找到类型或命名空间名“ImGuiService”(是否缺少 using 指令或程序集引用?) [E:\Program Files (x86)\claude code\InventoryTools\InventoryTools\InventoryTools.csproj]
E:\Program Files (x86)\claude code\InventoryTools\InventoryTools\Logic\Settings\HotkeyOpenCraftingLogSetting.cs(10,91): error CS0246: 未能找到类型或命名空间名“ImGuiService”(是否缺少 using 指令或程序集引用?) [E:\Program Files (x86)\claude code\InventoryTools\InventoryTools\InventoryTools.csproj]
E:\Program Files (x86)\claude code\InventoryTools\InventoryTools\Logic\Settings\MarketRefreshTimeHoursSetting.cs(11,93): error CS0246: 未能找到类型或命名空间名“ImGuiService”(是否缺少 using 指令或程序集引用?) [E:\Program Files (x86)\claude code\InventoryTools\InventoryTools\InventoryTools.csproj]
E:\Program Files (x86)\claude code\InventoryTools\InventoryTools\Logic\Settings\InvertTabHighlightingSetting.cs(30,91): error CS0246: 未能找到类型或命名空间名“ImGuiService”(是否缺少 using 指令或程序集引用?) [E:\Program Files (x86)\claude code\InventoryTools\InventoryTools\InventoryTools.csproj]
E:\Program Files (x86)\claude code\InventoryTools\InventoryTools\Logic\Settings\PersistDataSetting.cs(12,104): error CS0246: 未能找到类型或命名空间名“ImGuiService”(是否缺少 using 指令或程序集引用?) [E:\Program Files (x86)\claude code\InventoryTools\InventoryTools\InventoryTools.csproj]
E:\Program Files (x86)\claude code\InventoryTools\InventoryTools\Logic\Settings\HotkeyOpenFishingLogSetting.cs(10,89): error CS0246: 未能找到类型或命名空间名“ImGuiService”(是否缺少 using 指令或程序集引用?) [E:\Program Files (x86)\claude code\InventoryTools\InventoryTools\InventoryTools.csproj]
E:\Program Files (x86)\claude code\InventoryTools\InventoryTools\Logic\Settings\RetainerListColourSetting.cs(31,85): error CS0246: 未能找到类型或命名空间名“ImGuiService”(是否缺少 using 指令或程序集引用?) [E:\Program Files (x86)\claude code\InventoryTools\InventoryTools\InventoryTools.csproj]
E:\Program Files (x86)\claude code\InventoryTools\InventoryTools\Logic\Settings\HotkeyOpenGatheringLogSetting.cs(10,93): error CS0246: 未能找到类型或命名空间名“ImGuiService”(是否缺少 using 指令或程序集引用?) [E:\Program Files (x86)\claude code\InventoryTools\InventoryTools\InventoryTools.csproj]
E:\Program Files (x86)\claude code\InventoryTools\InventoryTools\Logic\Settings\MarketBoardExtraWorldsSetting.cs(14,89): error CS0246: 未能找到类型或命名空间名“ImGuiService”(是否缺少 using 指令或程序集引用?) [E:\Program Files (x86)\claude code\InventoryTools\InventoryTools\InventoryTools.csproj]
E:\Program Files (x86)\claude code\InventoryTools\InventoryTools\Logic\Settings\HotKeyOpenItemLogSetting.cs(10,83): error CS0246: 未能找到类型或命名空间名“ImGuiService”(是否缺少 using 指令或程序集引用?) [E:\Program Files (x86)\claude code\InventoryTools\InventoryTools\InventoryTools.csproj]
E:\Program Files (x86)\claude code\InventoryTools\InventoryTools\Logic\Settings\SaveBackgroundFilterSetting.cs(30,89): error CS0246: 未能找到类型或命名空间名“ImGuiService”(是否缺少 using 指令或程序集引用?) [E:\Program Files (x86)\claude code\InventoryTools\InventoryTools\InventoryTools.csproj]
E:\Program Files (x86)\claude code\InventoryTools\InventoryTools\Logic\Settings\ShopHighlightingDisableItemsSetting.cs(9,101): error CS0246: 未能找到类型或命名空间名“ImGuiService”(是否缺少 using 指令或程序集引用?) [E:\Program Files (x86)\claude code\InventoryTools\InventoryTools\InventoryTools.csproj]
E:\Program Files (x86)\claude code\InventoryTools\InventoryTools\Logic\Settings\MarketBoardSaleCountLimitSetting.cs(10,99): error CS0246: 未能找到类型或命名空间名“ImGuiService”(是否缺少 using 指令或程序集引用?) [E:\Program Files (x86)\claude code\InventoryTools\InventoryTools\InventoryTools.csproj]
E:\Program Files (x86)\claude code\InventoryTools\InventoryTools\Logic\Settings\HotkeyRetainerTasksWindowSetting.cs(22,99): error CS0246: 未能找到类型或命名空间名“ImGuiService”(是否缺少 using 指令或程序集引用?) [E:\Program Files (x86)\claude code\InventoryTools\InventoryTools\InventoryTools.csproj]
E:\Program Files (x86)\claude code\InventoryTools\InventoryTools\Logic\Settings\ShopHighlightingNpcColorSetting.cs(11,93): error CS0246: 未能找到类型或命名空间名“ImGuiService”(是否缺少 using 指令或程序集引用?) [E:\Program Files (x86)\claude code\InventoryTools\InventoryTools\InventoryTools.csproj]
E:\Program Files (x86)\claude code\InventoryTools\InventoryTools\Logic\Settings\TooltipAmountOwnedColorSetting.cs(70,113): error CS0246: 未能找到类型或命名空间名“ImGuiService”(是否缺少 using 指令或程序集引用?) [E:\Program Files (x86)\claude code\InventoryTools\InventoryTools\InventoryTools.csproj]
E:\Program Files (x86)\claude code\InventoryTools\InventoryTools\Logic\Settings\ShopHighlightingNpcNameplateIconSetting.cs(9,109): error CS0246: 未能找到类型或命名空间名“ImGuiService”(是否缺少 using 指令或程序集引用?) [E:\Program Files (x86)\claude code\InventoryTools\InventoryTools\InventoryTools.csproj]
E:\Program Files (x86)\claude code\InventoryTools\InventoryTools\Logic\Settings\TooltipAmountOwnedColorSetting.cs(79,99): error CS0246: 未能找到类型或命名空间名“ImGuiService”(是否缺少 using 指令或程序集引用?) [E:\Program Files (x86)\claude code\InventoryTools\InventoryTools\InventoryTools.csproj]
E:\Program Files (x86)\claude code\InventoryTools\InventoryTools\Logic\Settings\ShopHighlightingNpcSetting.cs(9,83): error CS0246: 未能找到类型或命名空间名“ImGuiService”(是否缺少 using 指令或程序集引用?) [E:\Program Files (x86)\claude code\InventoryTools\InventoryTools\InventoryTools.csproj]
E:\Program Files (x86)\claude code\InventoryTools\InventoryTools\Logic\Settings\SourceIconGroupingSetting.cs(26,131): error CS0246: 未能找到类型或命名空间名“ImGuiService”(是否缺少 using 指令或程序集引用?) [E:\Program Files (x86)\claude code\InventoryTools\InventoryTools\InventoryTools.csproj]
E:\Program Files (x86)\claude code\InventoryTools\InventoryTools\Logic\Settings\TooltipAmountOwnedColorSetting.cs(89,115): error CS0246: 未能找到类型或命名空间名“ImGuiService”(是否缺少 using 指令或程序集引用?) [E:\Program Files (x86)\claude code\InventoryTools\InventoryTools\InventoryTools.csproj]
E:\Program Files (x86)\claude code\InventoryTools\InventoryTools\Logic\Settings\ShowFiltersTabSetting.cs(29,77): error CS0246: 未能找到类型或命名空间名“ImGuiService”(是否缺少 using 指令或程序集引用?) [E:\Program Files (x86)\claude code\InventoryTools\InventoryTools\InventoryTools.csproj]
E:\Program Files (x86)\claude code\InventoryTools\InventoryTools\Logic\Settings\TooltipAmountOwnedColorSetting.cs(98,121): error CS0246: 未能找到类型或命名空间名“ImGuiService”(是否缺少 using 指令或程序集引用?) [E:\Program Files (x86)\claude code\InventoryTools\InventoryTools\InventoryTools.csproj]
E:\Program Files (x86)\claude code\InventoryTools\InventoryTools\Logic\Settings\SwitchCraftListsAutomaticallySetting.cs(28,107): error CS0246: 未能找到类型或命名空间名“ImGuiService”(是否缺少 using 指令或程序集引用?) [E:\Program Files (x86)\claude code\InventoryTools\InventoryTools\InventoryTools.csproj]
E:\Program Files (x86)\claude code\InventoryTools\InventoryTools\Logic\Settings\TooltipAmountOwnedColorSetting.cs(107,89): error CS0246: 未能找到类型或命名空间名“ImGuiService”(是否缺少 using 指令或程序集引用?) [E:\Program Files (x86)\claude code\InventoryTools\InventoryTools\InventoryTools.csproj]
E:\Program Files (x86)\claude code\InventoryTools\InventoryTools\Logic\Settings\ShowItemNumberRetainerListSetting.cs(30,101): error CS0246: 未能找到类型或命名空间名“ImGuiService”(是否缺少 using 指令或程序集引用?) [E:\Program Files (x86)\claude code\InventoryTools\InventoryTools\InventoryTools.csproj]
E:\Program Files (x86)\claude code\InventoryTools\InventoryTools\Logic\Settings\SwitchFiltersAutomaticallySetting.cs(28,101): error CS0246: 未能找到类型或命名空间名“ImGuiService”(是否缺少 using 指令或程序集引用?) [E:\Program Files (x86)\claude code\InventoryTools\InventoryTools\InventoryTools.csproj]
E:\Program Files (x86)\claude code\InventoryTools\InventoryTools\Logic\Settings\TooltipAmountOwnedSortSetting.cs(9,89): error CS0246: 未能找到类型或命名空间名“ImGuiService”(是否缺少 using 指令或程序集引用?) [E:\Program Files (x86)\claude code\InventoryTools\InventoryTools\InventoryTools.csproj]
E:\Program Files (x86)\claude code\InventoryTools\InventoryTools\Logic\Settings\ShowTooltipsSetting.cs(29,73): error CS0246: 未能找到类型或命名空间名“ImGuiService”(是否缺少 using 指令或程序集引用?) [E:\Program Files (x86)\claude code\InventoryTools\InventoryTools\InventoryTools.csproj]
E:\Program Files (x86)\claude code\InventoryTools\InventoryTools\Logic\Settings\TabHighlightColourSetting.cs(29,85): error CS0246: 未能找到类型或命名空间名“ImGuiService”(是否缺少 using 指令或程序集引用?) [E:\Program Files (x86)\claude code\InventoryTools\InventoryTools\InventoryTools.csproj]
E:\Program Files (x86)\claude code\InventoryTools\InventoryTools\Logic\Settings\TooltipAverageMarketPriceSetting.cs(32,99): error CS0246: 未能找到类型或命名空间名“ImGuiService”(是否缺少 using 指令或程序集引用?) [E:\Program Files (x86)\claude code\InventoryTools\InventoryTools\InventoryTools.csproj]
E:\Program Files (x86)\claude code\InventoryTools\InventoryTools\Logic\Settings\TooltipColorSetting.cs(10,73): error CS0246: 未能找到类型或命名空间名“ImGuiService”(是否缺少 using 指令或程序集引用?) [E:\Program Files (x86)\claude code\InventoryTools\InventoryTools\InventoryTools.csproj]
E:\Program Files (x86)\claude code\InventoryTools\InventoryTools\Logic\Settings\TooltipAddCharacterNameSetting.cs(30,95): error CS0246: 未能找到类型或命名空间名“ImGuiService”(是否缺少 using 指令或程序集引用?) [E:\Program Files (x86)\claude code\InventoryTools\InventoryTools\InventoryTools.csproj]
E:\Program Files (x86)\claude code\InventoryTools\InventoryTools\Logic\Settings\TooltipAmountOwnedColorSetting.cs(14,91): error CS0246: 未能找到类型或命名空间名“ImGuiService”(是否缺少 using 指令或程序集引用?) [E:\Program Files (x86)\claude code\InventoryTools\InventoryTools\InventoryTools.csproj]
E:\Program Files (x86)\claude code\InventoryTools\InventoryTools\Logic\Settings\TooltipCurrentCharacterOnly.cs(30,95): error CS0246: 未能找到类型或命名空间名“ImGuiService”(是否缺少 using 指令或程序集引用?) [E:\Program Files (x86)\claude code\InventoryTools\InventoryTools\InventoryTools.csproj]
E:\Program Files (x86)\claude code\InventoryTools\InventoryTools\Logic\Settings\TooltipCategoryBlacklistSetting.cs(26,93): error CS0246: 未能找到类型或命名空间名“ImGuiService”(是否缺少 using 指令或程序集引用?) [E:\Program Files (x86)\claude code\InventoryTools\InventoryTools\InventoryTools.csproj]
E:\Program Files (x86)\claude code\InventoryTools\InventoryTools\Logic\Settings\TooltipAmountOwnedColorSetting.cs(25,95): error CS0246: 未能找到类型或命名空间名“ImGuiService”(是否缺少 using 指令或程序集引用?) [E:\Program Files (x86)\claude code\InventoryTools\InventoryTools\InventoryTools.csproj]
E:\Program Files (x86)\claude code\InventoryTools\InventoryTools\Logic\Settings\TooltipDisplayAmountOwnedSetting.cs(34,99): error CS0246: 未能找到类型或命名空间名“ImGuiService”(是否缺少 using 指令或程序集引用?) [E:\Program Files (x86)\claude code\InventoryTools\InventoryTools\InventoryTools.csproj]
E:\Program Files (x86)\claude code\InventoryTools\InventoryTools\Logic\Settings\TooltipAmountOwnedColorSetting.cs(34,101): error CS0246: 未能找到类型或命名空间名“ImGuiService”(是否缺少 using 指令或程序集引用?) [E:\Program Files (x86)\claude code\InventoryTools\InventoryTools\InventoryTools.csproj]
E:\Program Files (x86)\claude code\InventoryTools\InventoryTools\Logic\Settings\TooltipAmountOwnedColorSetting.cs(43,101): error CS0246: 未能找到类型或命名空间名“ImGuiService”(是否缺少 using 指令或程序集引用?) [E:\Program Files (x86)\claude code\InventoryTools\InventoryTools\InventoryTools.csproj]
E:\Program Files (x86)\claude code\InventoryTools\InventoryTools\Logic\Settings\TooltipCategoryWhitelistSetting.cs(14,93): error CS0246: 未能找到类型或命名空间名“ImGuiService”(是否缺少 using 指令或程序集引用?) [E:\Program Files (x86)\claude code\InventoryTools\InventoryTools\InventoryTools.csproj]
E:\Program Files (x86)\claude code\InventoryTools\InventoryTools\Logic\Settings\TooltipDisplayCofferLootSetting.cs(34,93): error CS0246: 未能找到类型或命名空间名“ImGuiService”(是否缺少 using 指令或程序集引用?) [E:\Program Files (x86)\claude code\InventoryTools\InventoryTools\InventoryTools.csproj]
E:\Program Files (x86)\claude code\InventoryTools\InventoryTools\Logic\Settings\TooltipAmountOwnedColorSetting.cs(52,103): error CS0246: 未能找到类型或命名空间名“ImGuiService”(是否缺少 using 指令或程序集引用?) [E:\Program Files (x86)\claude code\InventoryTools\InventoryTools\InventoryTools.csproj]
E:\Program Files (x86)\claude code\InventoryTools\InventoryTools\Logic\Settings\TooltipAmountOwnedColorSetting.cs(61,97): error CS0246: 未能找到类型或命名空间名“ImGuiService”(是否缺少 using 指令或程序集引用?) [E:\Program Files (x86)\claude code\InventoryTools\InventoryTools\InventoryTools.csproj]
E:\Program Files (x86)\claude code\InventoryTools\InventoryTools\Logic\Settings\TooltipDisplayGlamourReadySetSetting.cs(34,103): error CS0246: 未能找到类型或命名空间名“ImGuiService”(是否缺少 using 指令或程序集引用?) [E:\Program Files (x86)\claude code\InventoryTools\InventoryTools\InventoryTools.csproj]
E:\Program Files (x86)\claude code\InventoryTools\InventoryTools\Logic\Settings\TooltipDisplayUnlockHideUnlockedSetting.cs(9,109): error CS0246: 未能找到类型或命名空间名“ImGuiService”(是否缺少 using 指令或程序集引用?) [E:\Program Files (x86)\claude code\InventoryTools\InventoryTools\InventoryTools.csproj]
E:\Program Files (x86)\claude code\InventoryTools\InventoryTools\Logic\Settings\TooltipDisplayUnlockSetting.cs(8,85): error CS0246: 未能找到类型或命名空间名“ImGuiService”(是否缺少 using 指令或程序集引用?) [E:\Program Files (x86)\claude code\InventoryTools\InventoryTools\InventoryTools.csproj]
E:\Program Files (x86)\claude code\InventoryTools\InventoryTools\Logic\Settings\TooltipDisplayHeaderSetting.cs(29,85): error CS0246: 未能找到类型或命名空间名“ImGuiService”(是否缺少 using 指令或程序集引用?) [E:\Program Files (x86)\claude code\InventoryTools\InventoryTools\InventoryTools.csproj]
E:\Program Files (x86)\claude code\InventoryTools\InventoryTools\Logic\Settings\TooltipCofferLootScopeSetting.cs(15,89): error CS0246: 未能找到类型或命名空间名“ImGuiService”(是否缺少 using 指令或程序集引用?) [E:\Program Files (x86)\claude code\InventoryTools\InventoryTools\InventoryTools.csproj]
E:\Program Files (x86)\claude code\InventoryTools\InventoryTools\Logic\Settings\TooltipDisplayIngredientPatchSetting.cs(9,103): error CS0246: 未能找到类型或命名空间名“ImGuiService”(是否缺少 using 指令或程序集引用?) [E:\Program Files (x86)\claude code\InventoryTools\InventoryTools\InventoryTools.csproj]
E:\Program Files (x86)\claude code\InventoryTools\InventoryTools\Logic\Settings\TooltipFooterLinesSetting.cs(29,81): error CS0246: 未能找到类型或命名空间名“ImGuiService”(是否缺少 using 指令或程序集引用?) [E:\Program Files (x86)\claude code\InventoryTools\InventoryTools\InventoryTools.csproj]
E:\Program Files (x86)\claude code\InventoryTools\InventoryTools\Logic\Settings\TooltipDisplayRetrieveAmountSetting.cs(33,101): error CS0246: 未能找到类型或命名空间名“ImGuiService”(是否缺少 using 指令或程序集引用?) [E:\Program Files (x86)\claude code\InventoryTools\InventoryTools\InventoryTools.csproj]
E:\Program Files (x86)\claude code\InventoryTools\InventoryTools\Logic\Settings\TooltipSourceInformationSetting.cs(35,107): error CS0246: 未能找到类型或命名空间名“ImGuiService”(是否缺少 using 指令或程序集引用?) [E:\Program Files (x86)\claude code\InventoryTools\InventoryTools\InventoryTools.csproj]
E:\Program Files (x86)\claude code\InventoryTools\InventoryTools\Logic\Settings\TooltipSourceInformationSetting.cs(45,109): error CS0246: 未能找到类型或命名空间名“ImGuiService”(是否缺少 using 指令或程序集引用?) [E:\Program Files (x86)\claude code\InventoryTools\InventoryTools\InventoryTools.csproj]
E:\Program Files (x86)\claude code\InventoryTools\InventoryTools\Logic\Settings\TooltipGlamourReadySetDisplayModeSetting.cs(40,111): error CS0246: 未能找到类型或命名空间名“ImGuiService”(是否缺少 using 指令或程序集引用?) [E:\Program Files (x86)\claude code\InventoryTools\InventoryTools\InventoryTools.csproj]
E:\Program Files (x86)\claude code\InventoryTools\InventoryTools\Logic\Settings\TooltipDisplayUnlockCharacterSetting.cs(13,139): error CS0246: 未能找到类型或命名空间名“ImGuiService”(是否缺少 using 指令或程序集引用?) [E:\Program Files (x86)\claude code\InventoryTools\InventoryTools\InventoryTools.csproj]
E:\Program Files (x86)\claude code\InventoryTools\InventoryTools\Logic\Settings\TooltipDisplayUnlockDisplayModeSetting.cs(16,107): error CS0246: 未能找到类型或命名空间名“ImGuiService”(是否缺少 using 指令或程序集引用?) [E:\Program Files (x86)\claude code\InventoryTools\InventoryTools\InventoryTools.csproj]
E:\Program Files (x86)\claude code\InventoryTools\InventoryTools\Logic\Settings\TooltipGlamourReadySetScopeSetting.cs(15,99): error CS0246: 未能找到类型或命名空间名“ImGuiService”(是否缺少 using 指令或程序集引用?) [E:\Program Files (x86)\claude code\InventoryTools\InventoryTools\InventoryTools.csproj]
E:\Program Files (x86)\claude code\InventoryTools\InventoryTools\Logic\Settings\TooltipSourceInformationSetting.cs(62,143): error CS0246: 未能找到类型或命名空间名“ImGuiService”(是否缺少 using 指令或程序集引用?) [E:\Program Files (x86)\claude code\InventoryTools\InventoryTools\InventoryTools.csproj]
E:\Program Files (x86)\claude code\InventoryTools\InventoryTools\Logic\Filters\TableCraftFreezeColumnsFilter.cs(42,87): error CS0246: 未能找到类型或命名空间名“ImGuiService”(是否缺少 using 指令或程序集引用?) [E:\Program Files (x86)\claude code\InventoryTools\InventoryTools\InventoryTools.csproj]
E:\Program Files (x86)\claude code\InventoryTools\InventoryTools\Logic\Settings\TooltipHeaderLinesSetting.cs(29,81): error CS0246: 未能找到类型或命名空间名“ImGuiService”(是否缺少 using 指令或程序集引用?) [E:\Program Files (x86)\claude code\InventoryTools\InventoryTools\InventoryTools.csproj]
E:\Program Files (x86)\claude code\InventoryTools\InventoryTools\Logic\Settings\TooltipUseInformationSetting.cs(20,101): error CS0246: 未能找到类型或命名空间名“ImGuiService”(是否缺少 using 指令或程序集引用?) [E:\Program Files (x86)\claude code\InventoryTools\InventoryTools\InventoryTools.csproj]
E:\Program Files (x86)\claude code\InventoryTools\InventoryTools\Logic\Settings\WindowIgnoreEscapeSetting.cs(18,86): error CS0246: 未能找到类型或命名空间名“ImGuiService”(是否缺少 using 指令或程序集引用?) [E:\Program Files (x86)\claude code\InventoryTools\InventoryTools\InventoryTools.csproj]
E:\Program Files (x86)\claude code\InventoryTools\InventoryTools\Logic\Filters\TableFreezeColumnsFilter.cs(41,77): error CS0246: 未能找到类型或命名空间名“ImGuiService”(是否缺少 using 指令或程序集引用?) [E:\Program Files (x86)\claude code\InventoryTools\InventoryTools\InventoryTools.csproj]
E:\Program Files (x86)\claude code\InventoryTools\InventoryTools\Logic\Settings\WindowIgnoreEscapeSetting.cs(63,124): error CS0246: 未能找到类型或命名空间名“ImGuiService”(是否缺少 using 指令或程序集引用?) [E:\Program Files (x86)\claude code\InventoryTools\InventoryTools\InventoryTools.csproj]
E:\Program Files (x86)\claude code\InventoryTools\InventoryTools\Logic\Settings\TooltipUseInformationSetting.cs(29,103): error CS0246: 未能找到类型或命名空间名“ImGuiService”(是否缺少 using 指令或程序集引用?) [E:\Program Files (x86)\claude code\InventoryTools\InventoryTools\InventoryTools.csproj]
E:\Program Files (x86)\claude code\InventoryTools\InventoryTools\Logic\Settings\WindowIgnoreEscapeSetting.cs(69,128): error CS0246: 未能找到类型或命名空间名“ImGuiService”(是否缺少 using 指令或程序集引用?) [E:\Program Files (x86)\claude code\InventoryTools\InventoryTools\InventoryTools.csproj]
E:\Program Files (x86)\claude code\InventoryTools\InventoryTools\Logic\Settings\WindowIgnoreEscapeSetting.cs(75,122): error CS0246: 未能找到类型或命名空间名“ImGuiService”(是否缺少 using 指令或程序集引用?) [E:\Program Files (x86)\claude code\InventoryTools\InventoryTools\InventoryTools.csproj]
E:\Program Files (x86)\claude code\InventoryTools\InventoryTools\Logic\Filters\TableRowHeightFilter.cs(44,71): error CS0246: 未能找到类型或命名空间名“ImGuiService”(是否缺少 using 指令或程序集引用?) [E:\Program Files (x86)\claude code\InventoryTools\InventoryTools\InventoryTools.csproj]
E:\Program Files (x86)\claude code\InventoryTools\InventoryTools\Logic\Settings\WindowIgnoreEscapeSetting.cs(81,126): error CS0246: 未能找到类型或命名空间名“ImGuiService”(是否缺少 using 指令或程序集引用?) [E:\Program Files (x86)\claude code\InventoryTools\InventoryTools\InventoryTools.csproj]
E:\Program Files (x86)\claude code\InventoryTools\InventoryTools\Logic\Settings\TooltipUseInformationSetting.cs(46,137): error CS0246: 未能找到类型或命名空间名“ImGuiService”(是否缺少 using 指令或程序集引用?) [E:\Program Files (x86)\claude code\InventoryTools\InventoryTools\InventoryTools.csproj]
E:\Program Files (x86)\claude code\InventoryTools\InventoryTools\Logic\Settings\TrackMobSpawnSetting.cs(15,71): error CS0246: 未能找到类型或命名空间名“ImGuiService”(是否缺少 using 指令或程序集引用?) [E:\Program Files (x86)\claude code\InventoryTools\InventoryTools\InventoryTools.csproj]
E:\Program Files (x86)\claude code\InventoryTools\InventoryTools\Logic\Settings\UseIconGroupingSetting.cs(18,125): error CS0246: 未能找到类型或命名空间名“ImGuiService”(是否缺少 using 指令或程序集引用?) [E:\Program Files (x86)\claude code\InventoryTools\InventoryTools\InventoryTools.csproj]
E:\Program Files (x86)\claude code\InventoryTools\InventoryTools\Logic\Settings\TooltipLocationDisplayModeSetting.cs(54,97): error CS0246: 未能找到类型或命名空间名“ImGuiService”(是否缺少 using 指令或程序集引用?) [E:\Program Files (x86)\claude code\InventoryTools\InventoryTools\InventoryTools.csproj]
E:\Program Files (x86)\claude code\InventoryTools\InventoryTools\Logic\Settings\UseOldCraftTrackerSetting.cs(9,81): error CS0246: 未能找到类型或命名空间名“ImGuiService”(是否缺少 using 指令或程序集引用?) [E:\Program Files (x86)\claude code\InventoryTools\InventoryTools\InventoryTools.csproj]
E:\Program Files (x86)\claude code\InventoryTools\InventoryTools\Logic\Settings\ToolTipLocationLimitSetting.cs(26,85): error CS0246: 未能找到类型或命名空间名“ImGuiService”(是否缺少 using 指令或程序集引用?) [E:\Program Files (x86)\claude code\InventoryTools\InventoryTools\InventoryTools.csproj]
E:\Program Files (x86)\claude code\InventoryTools\InventoryTools\Logic\Settings\TooltipLocationScopeLimitSetting.cs(16,95): error CS0246: 未能找到类型或命名空间名“ImGuiService”(是否缺少 using 指令或程序集引用?) [E:\Program Files (x86)\claude code\InventoryTools\InventoryTools\InventoryTools.csproj]
E:\Program Files (x86)\claude code\InventoryTools\InventoryTools\Logic\Settings\TooltipMinimumMarketPriceSetting.cs(34,99): error CS0246: 未能找到类型或命名空间名“ImGuiService”(是否缺少 using 指令或程序集引用?) [E:\Program Files (x86)\claude code\InventoryTools\InventoryTools\InventoryTools.csproj]
    28 个警告
    171 个错误

已用时间 00:00:02.08
